Archive member included to satisfy reference by file (symbol)

app/libapp.a(main.c.obj)      (--whole-archive)
zephyr/libzephyr.a(soc_nrf_common.S.obj)
                              (--whole-archive)
zephyr/libzephyr.a(assert.c.obj)
                              (--whole-archive)
zephyr/libzephyr.a(bitarray.c.obj)
                              (--whole-archive)
zephyr/libzephyr.a(cbprintf.c.obj)
                              (--whole-archive)
zephyr/libzephyr.a(cbprintf_complete.c.obj)
                              (--whole-archive)
zephyr/libzephyr.a(cbprintf_packaged.c.obj)
                              (--whole-archive)
zephyr/libzephyr.a(configs.c.obj)
                              (--whole-archive)
zephyr/libzephyr.a(constraint.c.obj)
                              (--whole-archive)
zephyr/libzephyr.a(crc16_sw.c.obj)
                              (--whole-archive)
zephyr/libzephyr.a(crc32_sw.c.obj)
                              (--whole-archive)
zephyr/libzephyr.a(crc32c_sw.c.obj)
                              (--whole-archive)
zephyr/libzephyr.a(crc7_sw.c.obj)
                              (--whole-archive)
zephyr/libzephyr.a(crc8_sw.c.obj)
                              (--whole-archive)
zephyr/libzephyr.a(dec.c.obj)
                              (--whole-archive)
zephyr/libzephyr.a(fdtable.c.obj)
                              (--whole-archive)
zephyr/libzephyr.a(heap-validate.c.obj)
                              (--whole-archive)
zephyr/libzephyr.a(heap.c.obj)
                              (--whole-archive)
zephyr/libzephyr.a(hex.c.obj)
                              (--whole-archive)
zephyr/libzephyr.a(multi_heap.c.obj)
                              (--whole-archive)
zephyr/libzephyr.a(notify.c.obj)
                              (--whole-archive)
zephyr/libzephyr.a(nrf_cc3xx_platform_abort_zephyr.c.obj)
                              (--whole-archive)
zephyr/libzephyr.a(nrf_cc3xx_platform_mutex_zephyr.c.obj)
                              (--whole-archive)
zephyr/libzephyr.a(onoff.c.obj)
                              (--whole-archive)
zephyr/libzephyr.a(pm.c.obj)  (--whole-archive)
zephyr/libzephyr.a(printk.c.obj)
                              (--whole-archive)
zephyr/libzephyr.a(rb.c.obj)  (--whole-archive)
zephyr/libzephyr.a(reboot.c.obj)
                              (--whole-archive)
zephyr/libzephyr.a(residency.c.obj)
                              (--whole-archive)
zephyr/libzephyr.a(sem.c.obj)
                              (--whole-archive)
zephyr/libzephyr.a(thread_entry.c.obj)
                              (--whole-archive)
zephyr/libzephyr.a(timeutil.c.obj)
                              (--whole-archive)
zephyr/libzephyr.a(tracing_none.c.obj)
                              (--whole-archive)
zephyr/libzephyr.a(validate_base_addresses.c.obj)
                              (--whole-archive)
zephyr/libzephyr.a(validate_enabled_instances.c.obj)
                              (--whole-archive)
zephyr/arch/common/libarch__common.a(sw_isr_common.c.obj)
                              (--whole-archive)
zephyr/arch/arch/arm/core/aarch32/libarch__arm__core__aarch32.a(cpu_idle.S.obj)
                              (--whole-archive)
zephyr/arch/arch/arm/core/aarch32/libarch__arm__core__aarch32.a(isr_wrapper.S.obj)
                              (--whole-archive)
zephyr/arch/arch/arm/core/aarch32/libarch__arm__core__aarch32.a(nmi_on_reset.S.obj)
                              (--whole-archive)
zephyr/arch/arch/arm/core/aarch32/libarch__arm__core__aarch32.a(swap_helper.S.obj)
                              (--whole-archive)
zephyr/arch/arch/arm/core/aarch32/libarch__arm__core__aarch32.a(fatal.c.obj)
                              (--whole-archive)
zephyr/arch/arch/arm/core/aarch32/libarch__arm__core__aarch32.a(irq_manage.c.obj)
                              (--whole-archive)
zephyr/arch/arch/arm/core/aarch32/libarch__arm__core__aarch32.a(nmi.c.obj)
                              (--whole-archive)
zephyr/arch/arch/arm/core/aarch32/libarch__arm__core__aarch32.a(prep_c.c.obj)
                              (--whole-archive)
zephyr/arch/arch/arm/core/aarch32/libarch__arm__core__aarch32.a(swap.c.obj)
                              (--whole-archive)
zephyr/arch/arch/arm/core/aarch32/libarch__arm__core__aarch32.a(thread.c.obj)
                              (--whole-archive)
zephyr/arch/arch/arm/core/aarch32/cortex_m/libarch__arm__core__aarch32__cortex_m.a(exc_exit.S.obj)
                              (--whole-archive)
zephyr/arch/arch/arm/core/aarch32/cortex_m/libarch__arm__core__aarch32__cortex_m.a(fault_s.S.obj)
                              (--whole-archive)
zephyr/arch/arch/arm/core/aarch32/cortex_m/libarch__arm__core__aarch32__cortex_m.a(reset.S.obj)
                              (--whole-archive)
zephyr/arch/arch/arm/core/aarch32/cortex_m/libarch__arm__core__aarch32__cortex_m.a(vector_table.S.obj)
                              (--whole-archive)
[...]
Memory Configuration

Name             Origin             Length             Attributes
FLASH            0x0000000000000000 0x0000000000100000 xr
SRAM             0x0000000020000000 0x0000000000040000 xw
IDT_LIST         0x00000000fffff7ff 0x0000000000000800 xw
*default*        0x0000000000000000 0xffffffffffffffff

Linker script and memory map

LOAD zephyr/CMakeFiles/zephyr_final.dir/dev_handles.c.obj
LOAD zephyr/CMakeFiles/zephyr_final.dir/misc/empty_file.c.obj
LOAD zephyr/CMakeFiles/zephyr_final.dir/isr_tables.c.obj
LOAD zephyr/CMakeFiles/offsets.dir/./arch/arm/core/offsets/offsets.c.obj
                0x0000000000000020                _region_min_align = 0x20

.rel.plt        0x0000000000000000        0x0
 *(SORT_BY_ALIGNMENT(.rel.plt))
                [!provide]                        PROVIDE (__rel_iplt_start = .)
 *(SORT_BY_ALIGNMENT(.rel.iplt))
 .rel.iplt      0x0000000000000000        0x0 zephyr/CMakeFiles/zephyr_final.dir/dev_handles.c.obj
                [!provide]                        PROVIDE (__rel_iplt_end = .)

.rela.plt       0x0000000000000000        0x0
 *(SORT_BY_ALIGNMENT(.rela.plt))
                [!provide]                        PROVIDE (__rela_iplt_start = .)
 *(SORT_BY_ALIGNMENT(.rela.iplt))
                [!provide]                        PROVIDE (__rela_iplt_end = .)

.rel.dyn
 *(SORT_BY_ALIGNMENT(.rel.*))

.rela.dyn
 *(SORT_BY_ALIGNMENT(.rela.*))

/DISCARD/
 *(SORT_BY_ALIGNMENT(.plt))
 *(SORT_BY_ALIGNMENT(.iplt))
 *(SORT_BY_ALIGNMENT(.got.plt))
 *(SORT_BY_ALIGNMENT(.igot.plt))
 *(SORT_BY_ALIGNMENT(.got))
 *(SORT_BY_ALIGNMENT(.igot))
 *(SORT_BY_ALIGNMENT(.irq_info*))
 *(SORT_BY_ALIGNMENT(.intList*))
 *(SORT_BY_ALIGNMENT(.note.GNU-stack))
                0x0000000000000000                __rom_region_start = 0x0

rom_start       0x0000000000000000      0x100
                0x0000000000000000                . = 0x0
                0x0000000000000000                . = ALIGN (0x4)
                0x0000000000000000                . = ALIGN (0x80)
                0x0000000000000000                . = ALIGN (0x100)
                0x0000000000000000                _vector_start = .
 *(SORT_BY_ALIGNMENT(.exc_vector_table))
 *(SORT_BY_ALIGNMENT(.exc_vector_table.*))
 .exc_vector_table._vector_table_section
                0x0000000000000000       0x40 zephyr/arch/arch/arm/core/aarch32/cortex_m/libarch__arm__core__aarch32__cortex_m.a(vector_table.S.obj)
                0x0000000000000000                _vector_table
 *(SORT_BY_ALIGNMENT(.gnu.linkonce.irq_vector_table*))
 .gnu.linkonce.irq_vector_table
                0x0000000000000040       0xc0 zephyr/CMakeFiles/zephyr_final.dir/isr_tables.c.obj
                0x0000000000000040                _irq_vector_table
 *(SORT_BY_ALIGNMENT(.vectors))
                0x0000000000000100                _vector_end = .

text            0x0000000000000100     0x931c
                0x0000000000000100                __text_region_start = .
 *(SORT_BY_ALIGNMENT(.text))
 .text          0x0000000000000100      0x378 /home/giacomo/gnuarmemb/gcc-arm-none-eabi-9-2019-q4-major/bin/../lib/gcc/arm-none-eabi/9.2.1/thumb/v7e-m/nofp/libgcc.a(_arm_addsubdf3.o)
                0x0000000000000100                __aeabi_drsub
                0x0000000000000108                __aeabi_dsub
                0x0000000000000108                __subdf3
                0x000000000000010c                __adddf3
                0x000000000000010c                __aeabi_dadd
                0x0000000000000384                __aeabi_ui2d
                0x0000000000000384                __floatunsidf
                0x00000000000003a4                __floatsidf
                0x00000000000003a4                __aeabi_i2d
                0x00000000000003c8                __extendsfdf2
                0x00000000000003c8                __aeabi_f2d
                0x000000000000040c                __aeabi_ul2d
                0x000000000000040c                __floatundidf
                0x000000000000041c                __floatdidf
                0x000000000000041c                __aeabi_l2d
 .text          0x0000000000000478      0x424 /home/giacomo/gnuarmemb/gcc-arm-none-eabi-9-2019-q4-major/bin/../lib/gcc/arm-none-eabi/9.2.1/thumb/v7e-m/nofp/libgcc.a(_arm_muldivdf3.o)
                0x0000000000000478                __aeabi_dmul
                0x0000000000000478                __muldf3
                0x00000000000006cc                __aeabi_ddiv
                0x00000000000006cc                __divdf3
 .text          0x000000000000089c       0x40 /home/giacomo/gnuarmemb/gcc-arm-none-eabi-9-2019-q4-major/bin/../lib/gcc/arm-none-eabi/9.2.1/thumb/v7e-m/nofp/libgcc.a(_arm_fixunsdfsi.o)
                0x000000000000089c                __fixunsdfsi
                0x000000000000089c                __aeabi_d2uiz
 .text          0x00000000000008dc       0x30 /home/giacomo/gnuarmemb/gcc-arm-none-eabi-9-2019-q4-major/bin/../lib/gcc/arm-none-eabi/9.2.1/thumb/v7e-m/nofp/libgcc.a(_aeabi_uldivmod.o)
                0x00000000000008dc                __aeabi_uldivmod
 .text          0x000000000000090c      0x2c0 /home/giacomo/gnuarmemb/gcc-arm-none-eabi-9-2019-q4-major/bin/../lib/gcc/arm-none-eabi/9.2.1/thumb/v7e-m/nofp/libgcc.a(_udivmoddi4.o)
                0x000000000000090c                __udivmoddi4
 .text          0x0000000000000bcc        0x4 /home/giacomo/gnuarmemb/gcc-arm-none-eabi-9-2019-q4-major/bin/../lib/gcc/arm-none-eabi/9.2.1/thumb/v7e-m/nofp/libgcc.a(_dvmd_tls.o)
                0x0000000000000bcc                __aeabi_ldiv0
                0x0000000000000bcc                __aeabi_idiv0
 *(SORT_BY_ALIGNMENT(.text.*))
 .text.thread_B_code
                0x0000000000000bd0      0x120 app/libapp.a(main.c.obj)
                0x0000000000000bd0                thread_B_code
 .text.thread_A_code
                0x0000000000000cf0       0xfc app/libapp.a(main.c.obj)
                0x0000000000000cf0                thread_A_code
 .text.thread_C_code
                0x0000000000000dec       0xfc app/libapp.a(main.c.obj)
                0x0000000000000dec                thread_C_code
 .text.main     0x0000000000000ee8       0xf4 app/libapp.a(main.c.obj)
                0x0000000000000ee8                main
 .text.cbvprintf
                0x0000000000000fdc      0x780 zephyr/libzephyr.a(cbprintf_complete.c.obj)
                0x0000000000000fdc                cbvprintf
 .text.sys_heap_free
                0x000000000000175c       0x98 zephyr/libzephyr.a(heap.c.obj)
                0x000000000000175c                sys_heap_free
 .text.sys_heap_aligned_alloc
                0x00000000000017f4      0x108 zephyr/libzephyr.a(heap.c.obj)
                0x00000000000017f4                sys_heap_aligned_alloc
 .text.sys_heap_init
                0x00000000000018fc      0x128 zephyr/libzephyr.a(heap.c.obj)
                0x00000000000018fc                sys_heap_init
 .text.sys_notify_finalize
                0x0000000000001a24       0x40 zephyr/libzephyr.a(notify.c.obj)
                0x0000000000001a24                sys_notify_finalize
 .text.nrf_cc3xx_platform_abort_init
                0x0000000000001a64        0xc zephyr/libzephyr.a(nrf_cc3xx_platform_abort_zephyr.c.obj)
                0x0000000000001a64                nrf_cc3xx_platform_abort_init
 .text.mutex_unlock_platform
                0x0000000000001a70       0x4c zephyr/libzephyr.a(nrf_cc3xx_platform_mutex_zephyr.c.obj)
 .text.mutex_free_platform
                0x0000000000001abc       0x48 zephyr/libzephyr.a(nrf_cc3xx_platform_mutex_zephyr.c.obj)
 .text.mutex_init_platform
                0x0000000000001b04       0x70 zephyr/libzephyr.a(nrf_cc3xx_platform_mutex_zephyr.c.obj)
 .text.mutex_lock_platform
                0x0000000000001b74       0x58 zephyr/libzephyr.a(nrf_cc3xx_platform_mutex_zephyr.c.obj)
 .text.nrf_cc3xx_platform_mutex_init
                0x0000000000001bcc       0x2c zephyr/libzephyr.a(nrf_cc3xx_platform_mutex_zephyr.c.obj)
                0x0000000000001bcc                nrf_cc3xx_platform_mutex_init
 .text.process_event
                0x0000000000001bf8      0x3f4 zephyr/libzephyr.a(onoff.c.obj)
 .text.transition_complete
                0x0000000000001fec       0x64 zephyr/libzephyr.a(onoff.c.obj)
 .text.onoff_request
                0x0000000000002050      0x130 zephyr/libzephyr.a(onoff.c.obj)
                0x0000000000002050                onoff_request
 .text.pm_state_notify
                0x0000000000002180       0xcc zephyr/libzephyr.a(pm.c.obj)
 .text.atomic_test_and_set_bit.constprop.0
                0x000000000000224c       0x38 zephyr/libzephyr.a(pm.c.obj)
 .text.pm_system_resume
                0x0000000000002284       0x88 zephyr/libzephyr.a(pm.c.obj)
                0x0000000000002284                pm_system_resume
 .text.pm_system_suspend
                0x000000000000230c      0x100 zephyr/libzephyr.a(pm.c.obj)
                0x000000000000230c                pm_system_suspend
 .text.char_out
                0x000000000000240c       0x10 zephyr/libzephyr.a(printk.c.obj)
 .text.__printk_hook_install
                0x000000000000241c        0xc zephyr/libzephyr.a(printk.c.obj)
                0x000000000000241c                __printk_hook_install
 .text.vprintk  0x0000000000002428       0x1c zephyr/libzephyr.a(printk.c.obj)
                0x0000000000002428                vprintk
 .text.sys_reboot
                0x0000000000002444       0x28 zephyr/libzephyr.a(reboot.c.obj)
                0x0000000000002444                sys_reboot
 .text.z_arm_cpu_idle_init
                0x000000000000246c        0xc zephyr/arch/arch/arm/core/aarch32/libarch__arm__core__aarch32.a(cpu_idle.S.obj)
                0x000000000000246c                z_arm_cpu_idle_init
 .text.arch_cpu_idle
                0x0000000000002478       0x1c zephyr/arch/arch/arm/core/aarch32/libarch__arm__core__aarch32.a(cpu_idle.S.obj)
                0x0000000000002478                arch_cpu_idle
 .text.arch_cpu_atomic_idle
                0x0000000000002494       0x14 zephyr/arch/arch/arm/core/aarch32/libarch__arm__core__aarch32.a(cpu_idle.S.obj)
                0x0000000000002494                arch_cpu_atomic_idle
 .text._isr_wrapper
                0x00000000000024a8       0x40 zephyr/arch/arch/arm/core/aarch32/libarch__arm__core__aarch32.a(isr_wrapper.S.obj)
                0x00000000000024a8                _isr_wrapper
 .text.z_SysNmiOnReset
                0x00000000000024e8        0x8 zephyr/arch/arch/arm/core/aarch32/libarch__arm__core__aarch32.a(nmi_on_reset.S.obj)
                0x00000000000024e8                z_SysNmiOnReset
 .text.z_arm_pendsv
                0x00000000000024f0       0x54 zephyr/arch/arch/arm/core/aarch32/libarch__arm__core__aarch32.a(swap_helper.S.obj)
                0x00000000000024f0                z_arm_pendsv
 .text.z_arm_svc
                0x0000000000002544       0x20 zephyr/arch/arch/arm/core/aarch32/libarch__arm__core__aarch32.a(swap_helper.S.obj)
                0x0000000000002544                z_arm_svc
 .text.arch_irq_enable
                0x0000000000002564       0x20 zephyr/arch/arch/arm/core/aarch32/libarch__arm__core__aarch32.a(irq_manage.c.obj)
                0x0000000000002564                arch_irq_enable
 .text.arch_irq_is_enabled
                0x0000000000002584       0x1c zephyr/arch/arch/arm/core/aarch32/libarch__arm__core__aarch32.a(irq_manage.c.obj)
                0x0000000000002584                arch_irq_is_enabled
 .text.z_arm_irq_priority_set
                0x00000000000025a0       0x68 zephyr/arch/arch/arm/core/aarch32/libarch__arm__core__aarch32.a(irq_manage.c.obj)
                0x00000000000025a0                z_arm_irq_priority_set
 .text.z_arm_prep_c
                0x0000000000002608       0x38 zephyr/arch/arch/arm/core/aarch32/libarch__arm__core__aarch32.a(prep_c.c.obj)
                0x0000000000002608                z_arm_prep_c
 .text.arch_swap
                0x0000000000002640       0x34 zephyr/arch/arch/arm/core/aarch32/libarch__arm__core__aarch32.a(swap.c.obj)
                0x0000000000002640                arch_swap
 .text.arch_new_thread
                0x0000000000002674       0x38 zephyr/arch/arch/arm/core/aarch32/libarch__arm__core__aarch32.a(thread.c.obj)
                0x0000000000002674                arch_new_thread
 .text.z_check_thread_stack_fail
                0x00000000000026ac       0x34 zephyr/arch/arch/arm/core/aarch32/libarch__arm__core__aarch32.a(thread.c.obj)
                0x00000000000026ac                z_check_thread_stack_fail
 .text.arch_switch_to_main_thread
                0x00000000000026e0       0x2c zephyr/arch/arch/arm/core/aarch32/libarch__arm__core__aarch32.a(thread.c.obj)
                0x00000000000026e0                arch_switch_to_main_thread
 .text._HandlerModeExit
                0x000000000000270c       0x1c zephyr/arch/arch/arm/core/aarch32/cortex_m/libarch__arm__core__aarch32__cortex_m.a(exc_exit.S.obj)
                0x000000000000270c                z_arm_exc_exit
                0x000000000000270c                z_arm_int_exit
 .text.__fault  0x0000000000002728       0x14 zephyr/arch/arch/arm/core/aarch32/cortex_m/libarch__arm__core__aarch32__cortex_m.a(fault_s.S.obj)
                0x0000000000002728                z_arm_bus_fault
                0x0000000000002728                z_arm_usage_fault
                0x0000000000002728                z_arm_mpu_fault
                0x0000000000002728                z_arm_exc_spurious
                0x0000000000002728                z_arm_debug_monitor
                0x0000000000002728                z_arm_hard_fault
 .text._reset_section
                0x000000000000273c       0x54 zephyr/arch/arch/arm/core/aarch32/cortex_m/libarch__arm__core__aarch32__cortex_m.a(reset.S.obj)
                0x000000000000273c                z_arm_reset
                0x000000000000273c                __start
 .text.mem_manage_fault
                0x0000000000002790       0xa4 zephyr/arch/arch/arm/core/aarch32/cortex_m/libarch__arm__core__aarch32__cortex_m.a(fault.c.obj)
 .text.bus_fault.isra.0
                0x0000000000002834       0x3c zephyr/arch/arch/arm/core/aarch32/cortex_m/libarch__arm__core__aarch32__cortex_m.a(fault.c.obj)
 .text.usage_fault.isra.0
                0x0000000000002870       0x24 zephyr/arch/arch/arm/core/aarch32/cortex_m/libarch__arm__core__aarch32__cortex_m.a(fault.c.obj)
 .text.z_arm_fault
                0x0000000000002894      0x17c zephyr/arch/arch/arm/core/aarch32/cortex_m/libarch__arm__core__aarch32__cortex_m.a(fault.c.obj)
                0x0000000000002894                z_arm_fault
 .text.z_arm_fault_init
                0x0000000000002a10       0x10 zephyr/arch/arch/arm/core/aarch32/cortex_m/libarch__arm__core__aarch32__cortex_m.a(fault.c.obj)
                0x0000000000002a10                z_arm_fault_init
 .text.z_arm_interrupt_init
                0x0000000000002a20       0x18 zephyr/arch/arch/arm/core/aarch32/cortex_m/libarch__arm__core__aarch32__cortex_m.a(irq_init.c.obj)
                0x0000000000002a20                z_arm_interrupt_init
 .text.z_arm_clear_arm_mpu_config
                0x0000000000002a38       0x20 zephyr/arch/arch/arm/core/aarch32/cortex_m/libarch__arm__core__aarch32__cortex_m.a(scb.c.obj)
                0x0000000000002a38                z_arm_clear_arm_mpu_config
 .text.z_arm_init_arch_hw_at_boot
                0x0000000000002a58       0x64 zephyr/arch/arch/arm/core/aarch32/cortex_m/libarch__arm__core__aarch32__cortex_m.a(scb.c.obj)
                0x0000000000002a58                z_arm_init_arch_hw_at_boot
 .text.z_impl_k_thread_abort
                0x0000000000002abc       0x24 zephyr/arch/arch/arm/core/aarch32/cortex_m/libarch__arm__core__aarch32__cortex_m.a(thread_abort.c.obj)
                0x0000000000002abc                z_impl_k_thread_abort
 .text.z_arm_configure_static_mpu_regions
                0x0000000000002ae0       0x18 zephyr/arch/arch/arm/core/aarch32/mpu/libarch__arm__core__aarch32__mpu.a(arm_core_mpu.c.obj)
                0x0000000000002ae0                z_arm_configure_static_mpu_regions
 .text.z_arm_configure_dynamic_mpu_regions
                0x0000000000002af8       0x20 zephyr/arch/arch/arm/core/aarch32/mpu/libarch__arm__core__aarch32__mpu.a(arm_core_mpu.c.obj)
                0x0000000000002af8                z_arm_configure_dynamic_mpu_regions
 .text.mpu_configure_regions
                0x0000000000002b18       0x80 zephyr/arch/arch/arm/core/aarch32/mpu/libarch__arm__core__aarch32__mpu.a(arm_mpu.c.obj)
 .text.arm_core_mpu_enable
                0x0000000000002b98       0x14 zephyr/arch/arch/arm/core/aarch32/mpu/libarch__arm__core__aarch32__mpu.a(arm_mpu.c.obj)
                0x0000000000002b98                arm_core_mpu_enable
 .text.arm_core_mpu_disable
                0x0000000000002bac       0x10 zephyr/arch/arch/arm/core/aarch32/mpu/libarch__arm__core__aarch32__mpu.a(arm_mpu.c.obj)
                0x0000000000002bac                arm_core_mpu_disable
 .text.arm_core_mpu_configure_static_mpu_regions
                0x0000000000002bbc       0x50 zephyr/arch/arch/arm/core/aarch32/mpu/libarch__arm__core__aarch32__mpu.a(arm_mpu.c.obj)
                0x0000000000002bbc                arm_core_mpu_configure_static_mpu_regions
 .text.arm_core_mpu_configure_dynamic_mpu_regions
                0x0000000000002c0c       0x64 zephyr/arch/arch/arm/core/aarch32/mpu/libarch__arm__core__aarch32__mpu.a(arm_mpu.c.obj)
                0x0000000000002c0c                arm_core_mpu_configure_dynamic_mpu_regions
 .text.z_arm_mpu_init
                0x0000000000002c70       0xbc zephyr/arch/arch/arm/core/aarch32/mpu/libarch__arm__core__aarch32__mpu.a(arm_mpu.c.obj)
                0x0000000000002c70                z_arm_mpu_init
 .text.__stdout_hook_install
                0x0000000000002d2c        0xc zephyr/lib/libc/minimal/liblib__libc__minimal.a(stdout_console.c.obj)
                0x0000000000002d2c                __stdout_hook_install
 .text.nordicsemi_nrf52_init
                0x0000000000002d38       0x64 zephyr/soc/arm/nordic_nrf/nrf52/libsoc__arm__nordic_nrf__nrf52.a(soc.c.obj)
 .text.sys_arch_reboot
                0x0000000000002d9c       0x2c zephyr/soc/arm/nordic_nrf/nrf52/libsoc__arm__nordic_nrf__nrf52.a(soc.c.obj)
                0x0000000000002d9c                sys_arch_reboot
 .text.arch_busy_wait
                0x0000000000002dc8       0x14 zephyr/soc/arm/nordic_nrf/nrf52/libsoc__arm__nordic_nrf__nrf52.a(soc.c.obj)
                0x0000000000002dc8                arch_busy_wait
 .text.adc_context_start_sampling.isra.0
                0x0000000000002ddc       0x20 zephyr/drivers/adc/libdrivers__adc.a(adc_nrfx_saadc.c.obj)
 .text.adc_nrfx_channel_setup
                0x0000000000002dfc       0xd4 zephyr/drivers/adc/libdrivers__adc.a(adc_nrfx_saadc.c.obj)
 .text.saadc_irq_handler
                0x0000000000002ed0       0xd4 zephyr/drivers/adc/libdrivers__adc.a(adc_nrfx_saadc.c.obj)
 .text.adc_nrfx_read
                0x0000000000002fa4      0x194 zephyr/drivers/adc/libdrivers__adc.a(adc_nrfx_saadc.c.obj)
 .text.init_saadc
                0x0000000000003138       0x48 zephyr/drivers/adc/libdrivers__adc.a(adc_nrfx_saadc.c.obj)
 .text.onoff_start
                0x0000000000003180       0x54 zephyr/drivers/clock_control/libdrivers__clock_control.a(clock_control_nrf.c.obj)
 .text.get_status
                0x00000000000031d4       0x3c zephyr/drivers/clock_control/libdrivers__clock_control.a(clock_control_nrf.c.obj)
 .text.stop     0x0000000000003210       0x7c zephyr/drivers/clock_control/libdrivers__clock_control.a(clock_control_nrf.c.obj)
 .text.onoff_stop
                0x000000000000328c       0x28 zephyr/drivers/clock_control/libdrivers__clock_control.a(clock_control_nrf.c.obj)
 .text.clk_init
                0x00000000000032b4       0x60 zephyr/drivers/clock_control/libdrivers__clock_control.a(clock_control_nrf.c.obj)
 .text.clkstarted_handle.constprop.0
                0x0000000000003314       0x34 zephyr/drivers/clock_control/libdrivers__clock_control.a(clock_control_nrf.c.obj)
 .text.clock_event_handler
                0x0000000000003348       0x60 zephyr/drivers/clock_control/libdrivers__clock_control.a(clock_control_nrf.c.obj)
 .text.generic_hfclk_start
                0x00000000000033a8       0x64 zephyr/drivers/clock_control/libdrivers__clock_control.a(clock_control_nrf.c.obj)
 .text.generic_hfclk_stop
                0x000000000000340c       0x2c zephyr/drivers/clock_control/libdrivers__clock_control.a(clock_control_nrf.c.obj)
 .text.api_blocking_start
                0x0000000000003438       0x34 zephyr/drivers/clock_control/libdrivers__clock_control.a(clock_control_nrf.c.obj)
 .text.z_nrf_clock_control_lf_on
                0x000000000000346c      0x158 zephyr/drivers/clock_control/libdrivers__clock_control.a(clock_control_nrf.c.obj)
                0x000000000000346c                z_nrf_clock_control_lf_on
 .text.uart_console_init
                0x00000000000035c4       0x30 zephyr/drivers/console/libdrivers__console.a(uart_console.c.obj)
 .text.console_out
                0x00000000000035f4       0x28 zephyr/drivers/console/libdrivers__console.a(uart_console.c.obj)
 .text.gpio_nrfx_manage_callback
                0x000000000000361c       0xac zephyr/drivers/gpio/libdrivers__gpio.a(gpio_nrfx.c.obj)
 .text.nrfx_gpio_handler
                0x00000000000036c8       0x98 zephyr/drivers/gpio/libdrivers__gpio.a(gpio_nrfx.c.obj)
 .text.gpio_nrfx_pin_interrupt_configure
                0x0000000000003760      0x130 zephyr/drivers/gpio/libdrivers__gpio.a(gpio_nrfx.c.obj)
 .text.gpio_nrfx_init
                0x0000000000003890       0x38 zephyr/drivers/gpio/libdrivers__gpio.a(gpio_nrfx.c.obj)
 .text.gpio_nrfx_pin_configure
                0x00000000000038c8      0x15c zephyr/drivers/gpio/libdrivers__gpio.a(gpio_nrfx.c.obj)
 .text.pwm_nrfx_get_cycles_per_sec
                0x0000000000003a24       0x10 zephyr/drivers/pwm/libdrivers__pwm.a(pwm_nrfx.c.obj)
 .text.pwm_nrfx_init
                0x0000000000003a34       0x44 zephyr/drivers/pwm/libdrivers__pwm.a(pwm_nrfx.c.obj)
 .text.nrf_gpio_pin_port_decode
                0x0000000000003a78       0x84 zephyr/drivers/pwm/libdrivers__pwm.a(pwm_nrfx.c.obj)
 .text.uarte_nrfx_configure
                0x0000000000003afc      0x164 zephyr/drivers/serial/libdrivers__serial.a(uart_nrfx_uarte.c.obj)
 .text.nrf_gpio_pin_port_decode
                0x0000000000003c60       0x84 zephyr/drivers/serial/libdrivers__serial.a(uart_nrfx_uarte.c.obj)
 .text.uarte_nrfx_poll_out
                0x0000000000003ce4       0xc4 zephyr/drivers/serial/libdrivers__serial.a(uart_nrfx_uarte.c.obj)
 .text.uarte_instance_init.isra.0
                0x0000000000003da8      0x198 zephyr/drivers/serial/libdrivers__serial.a(uart_nrfx_uarte.c.obj)
 .text.sys_clock_timeout_handler
                0x0000000000003f40       0x78 zephyr/drivers/timer/libdrivers__timer.a(nrf_rtc_timer.c.obj)
 .text.compare_int_lock
                0x0000000000003fb8       0x50 zephyr/drivers/timer/libdrivers__timer.a(nrf_rtc_timer.c.obj)
 .text.compare_int_unlock.part.0
                0x0000000000004008       0x5c zephyr/drivers/timer/libdrivers__timer.a(nrf_rtc_timer.c.obj)
 .text.z_nrf_rtc_timer_read
                0x0000000000004064       0x44 zephyr/drivers/timer/libdrivers__timer.a(nrf_rtc_timer.c.obj)
                0x0000000000004064                z_nrf_rtc_timer_read
 .text.compare_set
                0x00000000000040a8      0x154 zephyr/drivers/timer/libdrivers__timer.a(nrf_rtc_timer.c.obj)
 .text.sys_clock_driver_init
                0x00000000000041fc       0x84 zephyr/drivers/timer/libdrivers__timer.a(nrf_rtc_timer.c.obj)
 .text.rtc_nrf_isr
                0x0000000000004280       0xf0 zephyr/drivers/timer/libdrivers__timer.a(nrf_rtc_timer.c.obj)
                0x0000000000004280                rtc_nrf_isr
 .text.sys_clock_set_timeout
                0x0000000000004370       0x60 zephyr/drivers/timer/libdrivers__timer.a(nrf_rtc_timer.c.obj)
                0x0000000000004370                sys_clock_set_timeout
 .text.sys_clock_elapsed
                0x00000000000043d0       0x14 zephyr/drivers/timer/libdrivers__timer.a(nrf_rtc_timer.c.obj)
                0x00000000000043d0                sys_clock_elapsed
 .text.nrf_clock_is_running.constprop.0
                0x00000000000043e4       0x68 modules/hal_nordic/nrfx/libmodules__hal_nordic__nrfx.a(nrfx_clock.c.obj)
 .text.nrfx_clock_init
                0x000000000000444c       0x48 modules/hal_nordic/nrfx/libmodules__hal_nordic__nrfx.a(nrfx_clock.c.obj)
                0x000000000000444c                nrfx_clock_init
 .text.nrfx_clock_enable
                0x0000000000004494       0x40 modules/hal_nordic/nrfx/libmodules__hal_nordic__nrfx.a(nrfx_clock.c.obj)
                0x0000000000004494                nrfx_clock_enable
 .text.nrfx_clock_start
                0x00000000000044d4       0xa8 modules/hal_nordic/nrfx/libmodules__hal_nordic__nrfx.a(nrfx_clock.c.obj)
                0x00000000000044d4                nrfx_clock_start
 .text.nrfx_clock_stop
                0x000000000000457c       0xdc modules/hal_nordic/nrfx/libmodules__hal_nordic__nrfx.a(nrfx_clock.c.obj)
                0x000000000000457c                nrfx_clock_stop
 .text.nrfx_power_clock_irq_handler
                0x0000000000004658       0x68 modules/hal_nordic/nrfx/libmodules__hal_nordic__nrfx.a(nrfx_clock.c.obj)
                0x0000000000004658                nrfx_power_clock_irq_handler
 .text.nrfx_flag32_alloc
                0x00000000000046c0       0x48 modules/hal_nordic/nrfx/libmodules__hal_nordic__nrfx.a(nrfx_flag32_allocator.c.obj)
                0x00000000000046c0                nrfx_flag32_alloc
 .text.nrfx_flag32_free
                0x0000000000004708       0x44 modules/hal_nordic/nrfx/libmodules__hal_nordic__nrfx.a(nrfx_flag32_allocator.c.obj)
                0x0000000000004708                nrfx_flag32_free
 .text.pin_is_task_output
                0x000000000000474c       0x1c modules/hal_nordic/nrfx/libmodules__hal_nordic__nrfx.a(nrfx_gpiote.c.obj)
 .text.call_handler
                0x0000000000004768       0x3c modules/hal_nordic/nrfx/libmodules__hal_nordic__nrfx.a(nrfx_gpiote.c.obj)
 .text.release_handler
                0x00000000000047a4       0x80 modules/hal_nordic/nrfx/libmodules__hal_nordic__nrfx.a(nrfx_gpiote.c.obj)
 .text.pin_handler_trigger_uninit
                0x0000000000004824       0x34 modules/hal_nordic/nrfx/libmodules__hal_nordic__nrfx.a(nrfx_gpiote.c.obj)
 .text.nrf_gpio_pin_port_decode
                0x0000000000004858       0x6c modules/hal_nordic/nrfx/libmodules__hal_nordic__nrfx.a(nrfx_gpiote.c.obj)
 .text.nrfx_gpiote_input_configure
                0x00000000000048c4      0x150 modules/hal_nordic/nrfx/libmodules__hal_nordic__nrfx.a(nrfx_gpiote.c.obj)
                0x00000000000048c4                nrfx_gpiote_input_configure
 .text.nrfx_gpiote_output_configure
                0x0000000000004a14       0xe0 modules/hal_nordic/nrfx/libmodules__hal_nordic__nrfx.a(nrfx_gpiote.c.obj)
                0x0000000000004a14                nrfx_gpiote_output_configure
 .text.nrfx_gpiote_global_callback_set
                0x0000000000004af4        0xc modules/hal_nordic/nrfx/libmodules__hal_nordic__nrfx.a(nrfx_gpiote.c.obj)
                0x0000000000004af4                nrfx_gpiote_global_callback_set
 .text.nrfx_gpiote_channel_get
                0x0000000000004b00       0x50 modules/hal_nordic/nrfx/libmodules__hal_nordic__nrfx.a(nrfx_gpiote.c.obj)
                0x0000000000004b00                nrfx_gpiote_channel_get
 .text.nrfx_gpiote_init
                0x0000000000004b50       0x50 modules/hal_nordic/nrfx/libmodules__hal_nordic__nrfx.a(nrfx_gpiote.c.obj)
                0x0000000000004b50                nrfx_gpiote_init
 .text.nrfx_gpiote_is_init
                0x0000000000004ba0       0x14 modules/hal_nordic/nrfx/libmodules__hal_nordic__nrfx.a(nrfx_gpiote.c.obj)
                0x0000000000004ba0                nrfx_gpiote_is_init
 .text.nrfx_gpiote_channel_free
                0x0000000000004bb4        0xc modules/hal_nordic/nrfx/libmodules__hal_nordic__nrfx.a(nrfx_gpiote.c.obj)
                0x0000000000004bb4                nrfx_gpiote_channel_free
 .text.nrfx_gpiote_channel_alloc
                0x0000000000004bc0        0xc modules/hal_nordic/nrfx/libmodules__hal_nordic__nrfx.a(nrfx_gpiote.c.obj)
                0x0000000000004bc0                nrfx_gpiote_channel_alloc
 .text.nrfx_gpiote_trigger_enable
                0x0000000000004bcc       0xe0 modules/hal_nordic/nrfx/libmodules__hal_nordic__nrfx.a(nrfx_gpiote.c.obj)
                0x0000000000004bcc                nrfx_gpiote_trigger_enable
 .text.nrfx_gpiote_trigger_disable
                0x0000000000004cac       0x44 modules/hal_nordic/nrfx/libmodules__hal_nordic__nrfx.a(nrfx_gpiote.c.obj)
                0x0000000000004cac                nrfx_gpiote_trigger_disable
 .text.nrfx_gpiote_pin_uninit
                0x0000000000004cf0       0x48 modules/hal_nordic/nrfx/libmodules__hal_nordic__nrfx.a(nrfx_gpiote.c.obj)
                0x0000000000004cf0                nrfx_gpiote_pin_uninit
 .text.nrfx_gpiote_irq_handler
                0x0000000000004d38      0x1b4 modules/hal_nordic/nrfx/libmodules__hal_nordic__nrfx.a(nrfx_gpiote.c.obj)
                0x0000000000004d38                nrfx_gpiote_irq_handler
 .text.nrfx_ppi_channel_alloc
                0x0000000000004eec        0xc modules/hal_nordic/nrfx/libmodules__hal_nordic__nrfx.a(nrfx_ppi.c.obj)
                0x0000000000004eec                nrfx_ppi_channel_alloc
 .text.nrf_pwm_sequence_set
                0x0000000000004ef8       0xf8 modules/hal_nordic/nrfx/libmodules__hal_nordic__nrfx.a(nrfx_pwm.c.obj)
 .text.nrf_gpio_pin_port_decode
                0x0000000000004ff0       0x84 modules/hal_nordic/nrfx/libmodules__hal_nordic__nrfx.a(nrfx_pwm.c.obj)
 .text.nrfx_pwm_init
                0x0000000000005074      0x198 modules/hal_nordic/nrfx/libmodules__hal_nordic__nrfx.a(nrfx_pwm.c.obj)
                0x0000000000005074                nrfx_pwm_init
 .text.nrfx_pwm_simple_playback
                0x000000000000520c       0xe8 modules/hal_nordic/nrfx/libmodules__hal_nordic__nrfx.a(nrfx_pwm.c.obj)
                0x000000000000520c                nrfx_pwm_simple_playback
 .text.nrfx_pwm_is_stopped
                0x00000000000052f4       0x5c modules/hal_nordic/nrfx/libmodules__hal_nordic__nrfx.a(nrfx_pwm.c.obj)
                0x00000000000052f4                nrfx_pwm_is_stopped
 .text.nrfx_pwm_stop
                0x0000000000005350       0x64 modules/hal_nordic/nrfx/libmodules__hal_nordic__nrfx.a(nrfx_pwm.c.obj)
                0x0000000000005350                nrfx_pwm_stop
 .text.nrf52_errata_36
                0x00000000000053b4       0x14 modules/hal_nordic/nrfx/libmodules__hal_nordic__nrfx.a(system_nrf52840.c.obj)
 .text.nrf52_errata_98
                0x00000000000053c8       0x28 modules/hal_nordic/nrfx/libmodules__hal_nordic__nrfx.a(system_nrf52840.c.obj)
 .text.nvmc_wait
                0x00000000000053f0       0x10 modules/hal_nordic/nrfx/libmodules__hal_nordic__nrfx.a(system_nrf52840.c.obj)
                0x00000000000053f0                nvmc_wait
 .text.SystemInit
                0x0000000000005400      0x1d0 modules/hal_nordic/nrfx/libmodules__hal_nordic__nrfx.a(system_nrf52840.c.obj)
                0x0000000000005400                SystemInit
 .text._DoInit  0x00000000000055d0       0x6c modules/segger/libmodules__segger.a(SEGGER_RTT.c.obj)
 .text.z_sys_init_run_level
                0x000000000000563c       0x40 zephyr/kernel/libkernel.a(device.c.obj)
                0x000000000000563c                z_sys_init_run_level
 .text.z_impl_device_get_binding
                0x000000000000567c       0x58 zephyr/kernel/libkernel.a(device.c.obj)
                0x000000000000567c                z_impl_device_get_binding
 .text.z_fatal_error
                0x00000000000056d4       0x64 zephyr/kernel/libkernel.a(fatal.c.obj)
                0x00000000000056d4                z_fatal_error
 .text.idle     0x0000000000005738       0x58 zephyr/kernel/libkernel.a(idle.c.obj)
                0x0000000000005738                idle
 .text.init_idle_thread
                0x0000000000005790       0x58 zephyr/kernel/libkernel.a(init.c.obj)
 .text.bg_thread_main
                0x00000000000057e8       0x34 zephyr/kernel/libkernel.a(init.c.obj)
 .text.z_bss_zero
                0x000000000000581c       0x14 zephyr/kernel/libkernel.a(init.c.obj)
                0x000000000000581c                z_bss_zero
 .text.z_cstart
                0x0000000000005830       0xe4 zephyr/kernel/libkernel.a(init.c.obj)
                0x0000000000005830                z_cstart
 .text.init_mem_slab_module
                0x0000000000005914       0x78 zephyr/kernel/libkernel.a(mem_slab.c.obj)
 .text.k_mem_slab_alloc
                0x000000000000598c       0xd8 zephyr/kernel/libkernel.a(mem_slab.c.obj)
                0x000000000000598c                k_mem_slab_alloc
 .text.k_mem_slab_free
                0x0000000000005a64       0xc8 zephyr/kernel/libkernel.a(mem_slab.c.obj)
                0x0000000000005a64                k_mem_slab_free
 .text.z_impl_k_mutex_lock
                0x0000000000005b2c      0x200 zephyr/kernel/libkernel.a(mutex.c.obj)
                0x0000000000005b2c                z_impl_k_mutex_lock
 .text.z_impl_k_mutex_unlock
                0x0000000000005d2c      0x190 zephyr/kernel/libkernel.a(mutex.c.obj)
                0x0000000000005d2c                z_impl_k_mutex_unlock
 .text.queue_insert
                0x0000000000005ebc      0x12c zephyr/kernel/libkernel.a(queue.c.obj)
 .text.z_impl_k_queue_get
                0x0000000000005fe8       0xd8 zephyr/kernel/libkernel.a(queue.c.obj)
                0x0000000000005fe8                z_impl_k_queue_get
 .text.z_reset_time_slice
                0x00000000000060c0       0x2c zephyr/kernel/libkernel.a(sched.c.obj)
                0x00000000000060c0                z_reset_time_slice
 .text.k_sched_time_slice_set
                0x00000000000060ec       0xcc zephyr/kernel/libkernel.a(sched.c.obj)
                0x00000000000060ec                k_sched_time_slice_set
 .text.z_unpend_thread_no_timeout
                0x00000000000061b8       0x90 zephyr/kernel/libkernel.a(sched.c.obj)
                0x00000000000061b8                z_unpend_thread_no_timeout
 .text.z_reschedule
                0x0000000000006248       0x88 zephyr/kernel/libkernel.a(sched.c.obj)
                0x0000000000006248                z_reschedule
 .text.k_sched_lock
                0x00000000000062d0       0xe8 zephyr/kernel/libkernel.a(sched.c.obj)
                0x00000000000062d0                k_sched_lock
 .text.z_priq_dumb_remove
                0x00000000000063b8       0x44 zephyr/kernel/libkernel.a(sched.c.obj)
                0x00000000000063b8                z_priq_dumb_remove
 .text.unpend_thread_no_timeout
                0x00000000000063fc       0x44 zephyr/kernel/libkernel.a(sched.c.obj)
 .text.z_unpend_thread
                0x0000000000006440       0x98 zephyr/kernel/libkernel.a(sched.c.obj)
                0x0000000000006440                z_unpend_thread
 .text.update_cache
                0x00000000000064d8       0x70 zephyr/kernel/libkernel.a(sched.c.obj)
 .text.move_thread_to_end_of_prio_q
                0x0000000000006548       0xac zephyr/kernel/libkernel.a(sched.c.obj)
 .text.z_time_slice
                0x00000000000065f4       0xf0 zephyr/kernel/libkernel.a(sched.c.obj)
                0x00000000000065f4                z_time_slice
 .text.ready_thread
                0x00000000000066e4       0xa4 zephyr/kernel/libkernel.a(sched.c.obj)
 .text.z_ready_thread
                0x0000000000006788       0x90 zephyr/kernel/libkernel.a(sched.c.obj)
                0x0000000000006788                z_ready_thread
 .text.z_sched_start
                0x0000000000006818       0xa8 zephyr/kernel/libkernel.a(sched.c.obj)
                0x0000000000006818                z_sched_start
 .text.z_thread_timeout
                0x00000000000068c0       0xb4 zephyr/kernel/libkernel.a(sched.c.obj)
                0x00000000000068c0                z_thread_timeout
 .text.unready_thread
                0x0000000000006974       0x38 zephyr/kernel/libkernel.a(sched.c.obj)
 .text.add_to_waitq_locked
                0x00000000000069ac       0x84 zephyr/kernel/libkernel.a(sched.c.obj)
 .text.pend     0x0000000000006a30       0xbc zephyr/kernel/libkernel.a(sched.c.obj)
 .text.z_pend_curr
                0x0000000000006aec       0x60 zephyr/kernel/libkernel.a(sched.c.obj)
                0x0000000000006aec                z_pend_curr
 .text.z_set_prio
                0x0000000000006b4c      0x138 zephyr/kernel/libkernel.a(sched.c.obj)
                0x0000000000006b4c                z_set_prio
 .text.z_impl_k_thread_suspend
                0x0000000000006c84       0xd4 zephyr/kernel/libkernel.a(sched.c.obj)
                0x0000000000006c84                z_impl_k_thread_suspend
 .text.k_sched_unlock
                0x0000000000006d58       0xf8 zephyr/kernel/libkernel.a(sched.c.obj)
                0x0000000000006d58                k_sched_unlock
 .text.z_unpend1_no_timeout
                0x0000000000006e50       0x98 zephyr/kernel/libkernel.a(sched.c.obj)
                0x0000000000006e50                z_unpend1_no_timeout
 .text.z_unpend_first_thread
                0x0000000000006ee8       0xa0 zephyr/kernel/libkernel.a(sched.c.obj)
                0x0000000000006ee8                z_unpend_first_thread
 .text.z_sched_init
                0x0000000000006f88       0x18 zephyr/kernel/libkernel.a(sched.c.obj)
                0x0000000000006f88                z_sched_init
 .text.z_impl_k_yield
                0x0000000000006fa0      0x148 zephyr/kernel/libkernel.a(sched.c.obj)
                0x0000000000006fa0                z_impl_k_yield
 .text.z_tick_sleep
                0x00000000000070e8      0x15c zephyr/kernel/libkernel.a(sched.c.obj)
 .text.z_impl_k_sleep
                0x0000000000007244       0x70 zephyr/kernel/libkernel.a(sched.c.obj)
                0x0000000000007244                z_impl_k_sleep
 .text.z_impl_z_current_get
                0x00000000000072b4        0xc zephyr/kernel/libkernel.a(sched.c.obj)
                0x00000000000072b4                z_impl_z_current_get
 .text.z_thread_abort
                0x00000000000072c0      0x168 zephyr/kernel/libkernel.a(sched.c.obj)
                0x00000000000072c0                z_thread_abort
 .text.z_impl_k_sem_give
                0x0000000000007428       0x7c zephyr/kernel/libkernel.a(sem.c.obj)
                0x0000000000007428                z_impl_k_sem_give
 .text.z_impl_k_sem_take
                0x00000000000074a4      0x114 zephyr/kernel/libkernel.a(sem.c.obj)
                0x00000000000074a4                z_impl_k_sem_take
 .text.z_setup_new_thread
                0x00000000000075b8       0xc8 zephyr/kernel/libkernel.a(thread.c.obj)
                0x00000000000075b8                z_setup_new_thread
 .text.z_impl_k_thread_create
                0x0000000000007680       0x9c zephyr/kernel/libkernel.a(thread.c.obj)
                0x0000000000007680                z_impl_k_thread_create
 .text.z_init_static_threads
                0x000000000000771c      0x120 zephyr/kernel/libkernel.a(thread.c.obj)
                0x000000000000771c                z_init_static_threads
 .text.z_spin_lock_valid
                0x000000000000783c       0x1c zephyr/kernel/libkernel.a(thread.c.obj)
                0x000000000000783c                z_spin_lock_valid
 .text.z_spin_unlock_valid
                0x0000000000007858       0x20 zephyr/kernel/libkernel.a(thread.c.obj)
                0x0000000000007858                z_spin_unlock_valid
 .text.z_spin_lock_set_owner
                0x0000000000007878       0x10 zephyr/kernel/libkernel.a(thread.c.obj)
                0x0000000000007878                z_spin_lock_set_owner
 .text.elapsed  0x0000000000007888       0x14 zephyr/kernel/libkernel.a(timeout.c.obj)
 .text.next_timeout
                0x000000000000789c       0x58 zephyr/kernel/libkernel.a(timeout.c.obj)
 .text.remove_timeout
                0x00000000000078f4       0x34 zephyr/kernel/libkernel.a(timeout.c.obj)
 .text.z_add_timeout
                0x0000000000007928      0x1a8 zephyr/kernel/libkernel.a(timeout.c.obj)
                0x0000000000007928                z_add_timeout
 .text.z_abort_timeout
                0x0000000000007ad0       0x9c zephyr/kernel/libkernel.a(timeout.c.obj)
                0x0000000000007ad0                z_abort_timeout
 .text.z_get_next_timeout_expiry
                0x0000000000007b6c       0x90 zephyr/kernel/libkernel.a(timeout.c.obj)
                0x0000000000007b6c                z_get_next_timeout_expiry
 .text.z_set_timeout_expiry
                0x0000000000007bfc       0xa0 zephyr/kernel/libkernel.a(timeout.c.obj)
                0x0000000000007bfc                z_set_timeout_expiry
 .text.sys_clock_announce
                0x0000000000007c9c      0x198 zephyr/kernel/libkernel.a(timeout.c.obj)
                0x0000000000007c9c                sys_clock_announce
 .text.sys_clock_tick_get
                0x0000000000007e34       0xa0 zephyr/kernel/libkernel.a(timeout.c.obj)
                0x0000000000007e34                sys_clock_tick_get
 .text.z_timer_expiration_handler
                0x0000000000007ed4      0x168 zephyr/kernel/libkernel.a(timer.c.obj)
                0x0000000000007ed4                z_timer_expiration_handler
 .text.z_impl_k_timer_start
                0x000000000000803c       0xc0 zephyr/kernel/libkernel.a(timer.c.obj)
                0x000000000000803c                z_impl_k_timer_start
 .text.z_data_copy
                0x00000000000080fc       0x34 zephyr/kernel/libkernel.a(xip.c.obj)
                0x00000000000080fc                z_data_copy
 .text.boot_banner
                0x0000000000008130       0x18 zephyr/kernel/libkernel.a(banner.c.obj)
                0x0000000000008130                boot_banner
 .text.z_heap_aligned_alloc
                0x0000000000008148       0x6c zephyr/kernel/libkernel.a(mempool.c.obj)
 .text.z_thread_aligned_alloc
                0x00000000000081b4       0x30 zephyr/kernel/libkernel.a(mempool.c.obj)
                0x00000000000081b4                z_thread_aligned_alloc
 .text.statics_init
                0x00000000000081e4       0x58 zephyr/kernel/libkernel.a(kheap.c.obj)
 .text.k_heap_aligned_alloc
                0x000000000000823c      0x15c zephyr/kernel/libkernel.a(kheap.c.obj)
                0x000000000000823c                k_heap_aligned_alloc
 .text.k_heap_free
                0x0000000000008398       0xa8 zephyr/kernel/libkernel.a(kheap.c.obj)
                0x0000000000008398                k_heap_free
 .text.nrf_cc3xx_platform_init_no_rng
                0x0000000000008440       0x38 /home/giacomo/ncs/nrfxlib/crypto/nrf_cc310_platform/lib/cortex-m4/soft-float/no-interrupts/libnrf_cc310_platform_0.9.13.a(nrf_cc3xx_platform.c.obj)
                0x0000000000008440                nrf_cc3xx_platform_init_no_rng
 .text.nrf_cc3xx_platform_abort
                0x0000000000008478       0x24 /home/giacomo/ncs/nrfxlib/crypto/nrf_cc310_platform/lib/cortex-m4/soft-float/no-interrupts/libnrf_cc310_platform_0.9.13.a(nrf_cc3xx_platform_abort.c.obj)
 .text.CC_PalAbort
                0x000000000000849c       0x40 /home/giacomo/ncs/nrfxlib/crypto/nrf_cc310_platform/lib/cortex-m4/soft-float/no-interrupts/libnrf_cc310_platform_0.9.13.a(nrf_cc3xx_platform_abort.c.obj)
                0x000000000000849c                CC_PalAbort
 .text.nrf_cc3xx_platform_set_abort
                0x00000000000084dc       0x10 /home/giacomo/ncs/nrfxlib/crypto/nrf_cc310_platform/lib/cortex-m4/soft-float/no-interrupts/libnrf_cc310_platform_0.9.13.a(nrf_cc3xx_platform_abort.c.obj)
                0x00000000000084dc                nrf_cc3xx_platform_set_abort
 .text.mutex_free
                0x00000000000084ec       0x28 /home/giacomo/ncs/nrfxlib/crypto/nrf_cc310_platform/lib/cortex-m4/soft-float/no-interrupts/libnrf_cc310_platform_0.9.13.a(nrf_cc3xx_platform_mutex.c.obj)
 .text.mutex_unlock
                0x0000000000008514       0x2c /home/giacomo/ncs/nrfxlib/crypto/nrf_cc310_platform/lib/cortex-m4/soft-float/no-interrupts/libnrf_cc310_platform_0.9.13.a(nrf_cc3xx_platform_mutex.c.obj)
 .text.mutex_init
                0x0000000000008540       0x1c /home/giacomo/ncs/nrfxlib/crypto/nrf_cc310_platform/lib/cortex-m4/soft-float/no-interrupts/libnrf_cc310_platform_0.9.13.a(nrf_cc3xx_platform_mutex.c.obj)
 .text.mutex_lock
                0x000000000000855c       0x44 /home/giacomo/ncs/nrfxlib/crypto/nrf_cc310_platform/lib/cortex-m4/soft-float/no-interrupts/libnrf_cc310_platform_0.9.13.a(nrf_cc3xx_platform_mutex.c.obj)
 .text.nrf_cc3xx_platform_set_mutexes
                0x00000000000085a0       0x60 /home/giacomo/ncs/nrfxlib/crypto/nrf_cc310_platform/lib/cortex-m4/soft-float/no-interrupts/libnrf_cc310_platform_0.9.13.a(nrf_cc3xx_platform_mutex.c.obj)
                0x00000000000085a0                nrf_cc3xx_platform_set_mutexes
 .text.CC_LibInitNoRng
                0x0000000000008600       0x6c /home/giacomo/ncs/nrfxlib/crypto/nrf_cc310_platform/lib/cortex-m4/soft-float/no-interrupts/libnrf_cc310_platform_0.9.13.a(cc_lib.c.obj)
                0x0000000000008600                CC_LibInitNoRng
 .text.CC_HalInit
                0x000000000000866c        0x4 /home/giacomo/ncs/nrfxlib/crypto/nrf_cc310_platform/lib/cortex-m4/soft-float/no-interrupts/libnrf_cc310_platform_0.9.13.a(cc_hal.c.obj)
                0x000000000000866c                CC_HalInit
 .text.CC_HalTerminate
                0x0000000000008670        0x4 /home/giacomo/ncs/nrfxlib/crypto/nrf_cc310_platform/lib/cortex-m4/soft-float/no-interrupts/libnrf_cc310_platform_0.9.13.a(cc_hal.c.obj)
                0x0000000000008670                CC_HalTerminate
 .text.CC_HalMaskInterrupt
                0x0000000000008674        0xc /home/giacomo/ncs/nrfxlib/crypto/nrf_cc310_platform/lib/cortex-m4/soft-float/no-interrupts/libnrf_cc310_platform_0.9.13.a(cc_hal.c.obj)
                0x0000000000008674                CC_HalMaskInterrupt
 .text.CC_PalInit
                0x0000000000008680       0x5c /home/giacomo/ncs/nrfxlib/crypto/nrf_cc310_platform/lib/cortex-m4/soft-float/no-interrupts/libnrf_cc310_platform_0.9.13.a(cc_pal.c.obj)
                0x0000000000008680                CC_PalInit
 .text.CC_PalTerminate
                0x00000000000086dc       0x34 /home/giacomo/ncs/nrfxlib/crypto/nrf_cc310_platform/lib/cortex-m4/soft-float/no-interrupts/libnrf_cc310_platform_0.9.13.a(cc_pal.c.obj)
                0x00000000000086dc                CC_PalTerminate
 .text.CC_PalDmaInit
                0x0000000000008710        0x4 /home/giacomo/ncs/nrfxlib/crypto/nrf_cc310_platform/lib/cortex-m4/soft-float/no-interrupts/libnrf_cc310_platform_0.9.13.a(cc_pal_dma.c.obj)
                0x0000000000008710                CC_PalDmaInit
 .text.CC_PalDmaTerminate
                0x0000000000008714        0x4 /home/giacomo/ncs/nrfxlib/crypto/nrf_cc310_platform/lib/cortex-m4/soft-float/no-interrupts/libnrf_cc310_platform_0.9.13.a(cc_pal_dma.c.obj)
                0x0000000000008714                CC_PalDmaTerminate
 .text.CC_PalMutexCreate
                0x0000000000008718       0x14 /home/giacomo/ncs/nrfxlib/crypto/nrf_cc310_platform/lib/cortex-m4/soft-float/no-interrupts/libnrf_cc310_platform_0.9.13.a(cc_pal_mutex.c.obj)
                0x0000000000008718                CC_PalMutexCreate
 .text.CC_PalMutexDestroy
                0x000000000000872c       0x14 /home/giacomo/ncs/nrfxlib/crypto/nrf_cc310_platform/lib/cortex-m4/soft-float/no-interrupts/libnrf_cc310_platform_0.9.13.a(cc_pal_mutex.c.obj)
                0x000000000000872c                CC_PalMutexDestroy
 .text.CC_PalPowerSaveModeInit
                0x0000000000008740       0x3c /home/giacomo/ncs/nrfxlib/crypto/nrf_cc310_platform/lib/cortex-m4/soft-float/no-interrupts/libnrf_cc310_platform_0.9.13.a(cc_pal_pm.c.obj)
                0x0000000000008740                CC_PalPowerSaveModeInit
 .text.CC_PalPowerSaveModeSelect
                0x000000000000877c       0x84 /home/giacomo/ncs/nrfxlib/crypto/nrf_cc310_platform/lib/cortex-m4/soft-float/no-interrupts/libnrf_cc310_platform_0.9.13.a(cc_pal_pm.c.obj)
                0x000000000000877c                CC_PalPowerSaveModeSelect
 .text._OffsetAbsSyms
                0x0000000000008800        0x2 zephyr/CMakeFiles/offsets.dir/./arch/arm/core/offsets/offsets.c.obj
                0x0000000000008800                _OffsetAbsSyms
 .text.k_uptime_get
                0x0000000000008802       0x1c app/libapp.a(main.c.obj)
 .text.assert_post_action
                0x000000000000881e        0xe zephyr/libzephyr.a(assert.c.obj)
                0x000000000000881e                assert_post_action
 .text.encode_uint
                0x000000000000882c       0x96 zephyr/libzephyr.a(cbprintf_complete.c.obj)
 .text.outs     0x00000000000088c2       0x2c zephyr/libzephyr.a(cbprintf_complete.c.obj)
 .text._ConfigAbsSyms
                0x00000000000088ee        0x2 zephyr/libzephyr.a(configs.c.obj)
                0x00000000000088ee                _ConfigAbsSyms
 .text.chunk_size
                0x00000000000088f0        0xa zephyr/libzephyr.a(heap.c.obj)
 .text.free_list_add
                0x00000000000088fa       0x4e zephyr/libzephyr.a(heap.c.obj)
 .text.free_list_remove_bidx
                0x0000000000008948       0x3a zephyr/libzephyr.a(heap.c.obj)
 .text.free_list_remove
                0x0000000000008982       0x1a zephyr/libzephyr.a(heap.c.obj)
 .text.alloc_chunk
                0x000000000000899c       0x6c zephyr/libzephyr.a(heap.c.obj)
 .text.merge_chunks
                0x0000000000008a08       0x2e zephyr/libzephyr.a(heap.c.obj)
 .text.split_chunks
                0x0000000000008a36       0x34 zephyr/libzephyr.a(heap.c.obj)
 .text.free_chunk
                0x0000000000008a6a       0x62 zephyr/libzephyr.a(heap.c.obj)
 .text.sys_heap_alloc
                0x0000000000008acc       0x54 zephyr/libzephyr.a(heap.c.obj)
                0x0000000000008acc                sys_heap_alloc
 .text.sys_notify_validate
                0x0000000000008b20       0x22 zephyr/libzephyr.a(notify.c.obj)
                0x0000000000008b20                sys_notify_validate
 .text.abort_function
                0x0000000000008b42        0x8 zephyr/libzephyr.a(nrf_cc3xx_platform_abort_zephyr.c.obj)
 .text.process_recheck
                0x0000000000008b4a       0x38 zephyr/libzephyr.a(onoff.c.obj)
 .text.notify_one
                0x0000000000008b82       0x2c zephyr/libzephyr.a(onoff.c.obj)
 .text.validate_args
                0x0000000000008bae       0x1e zephyr/libzephyr.a(onoff.c.obj)
 .text.onoff_manager_init
                0x0000000000008bcc       0x26 zephyr/libzephyr.a(onoff.c.obj)
                0x0000000000008bcc                onoff_manager_init
 .text.arch_printk_char_out
                0x0000000000008bf2        0x4 zephyr/libzephyr.a(printk.c.obj)
                0x0000000000008bf2                arch_printk_char_out
 .text.printk   0x0000000000008bf6       0x1a zephyr/libzephyr.a(printk.c.obj)
                0x0000000000008bf6                printk
 .text.pm_policy_next_state
                0x0000000000008c10        0xa zephyr/libzephyr.a(residency.c.obj)
                0x0000000000008c10                pm_policy_next_state
 .text.z_thread_entry
                0x0000000000008c1a       0x14 zephyr/libzephyr.a(thread_entry.c.obj)
                0x0000000000008c1a                z_thread_entry
 .text.z_arm_fatal_error
                0x0000000000008c2e        0x4 zephyr/arch/arch/arm/core/aarch32/libarch__arm__core__aarch32.a(fatal.c.obj)
                0x0000000000008c2e                z_arm_fatal_error
 .text.z_do_kernel_oops
                0x0000000000008c32        0x8 zephyr/arch/arch/arm/core/aarch32/libarch__arm__core__aarch32.a(fatal.c.obj)
                0x0000000000008c32                z_do_kernel_oops
 .text.z_irq_spurious
                0x0000000000008c3a        0x8 zephyr/arch/arch/arm/core/aarch32/libarch__arm__core__aarch32.a(irq_manage.c.obj)
                0x0000000000008c3a                z_irq_spurious
 .text.z_arm_nmi
                0x0000000000008c42        0xe zephyr/arch/arch/arm/core/aarch32/libarch__arm__core__aarch32.a(nmi.c.obj)
                0x0000000000008c42                z_arm_nmi
 .text._stdout_hook_default
                0x0000000000008c50        0x6 zephyr/lib/libc/minimal/liblib__libc__minimal.a(stdout_console.c.obj)
 .text.strcpy   0x0000000000008c56       0x14 zephyr/lib/libc/minimal/liblib__libc__minimal.a(string.c.obj)
                0x0000000000008c56                strcpy
 .text.strlen   0x0000000000008c6a        0xe zephyr/lib/libc/minimal/liblib__libc__minimal.a(string.c.obj)
                0x0000000000008c6a                strlen
 .text.strnlen  0x0000000000008c78       0x12 zephyr/lib/libc/minimal/liblib__libc__minimal.a(string.c.obj)
                0x0000000000008c78                strnlen
 .text.strcmp   0x0000000000008c8a       0x18 zephyr/lib/libc/minimal/liblib__libc__minimal.a(string.c.obj)
                0x0000000000008c8a                strcmp
 .text.memcpy   0x0000000000008ca2       0x16 zephyr/lib/libc/minimal/liblib__libc__minimal.a(string.c.obj)
                0x0000000000008ca2                memcpy
 .text.memset   0x0000000000008cb8       0x12 zephyr/lib/libc/minimal/liblib__libc__minimal.a(string.c.obj)
                0x0000000000008cb8                memset
 .text.pm_power_state_set
                0x0000000000008cca       0x26 zephyr/soc/arm/nordic_nrf/nrf52/libsoc__arm__nordic_nrf__nrf52.a(power.c.obj)
                0x0000000000008cca                pm_power_state_set
 .text.pm_power_state_exit_post_ops
                0x0000000000008cf0       0x16 zephyr/soc/arm/nordic_nrf/nrf52/libsoc__arm__nordic_nrf__nrf52.a(power.c.obj)
                0x0000000000008cf0                pm_power_state_exit_post_ops
 .text.adc_context_on_timer_expired
                0x0000000000008d06       0x2e zephyr/drivers/adc/libdrivers__adc.a(adc_nrfx_saadc.c.obj)
 .text.set_starting_state
                0x0000000000008d34       0x3c zephyr/drivers/clock_control/libdrivers__clock_control.a(clock_control_nrf.c.obj)
 .text.set_on_state
                0x0000000000008d70       0x26 zephyr/drivers/clock_control/libdrivers__clock_control.a(clock_control_nrf.c.obj)
 .text.onoff_started_callback
                0x0000000000008d96        0xc zephyr/drivers/clock_control/libdrivers__clock_control.a(clock_control_nrf.c.obj)
 .text.lfclk_start
                0x0000000000008da2        0x6 zephyr/drivers/clock_control/libdrivers__clock_control.a(clock_control_nrf.c.obj)
 .text.lfclk_stop
                0x0000000000008da8        0x6 zephyr/drivers/clock_control/libdrivers__clock_control.a(clock_control_nrf.c.obj)
 .text.api_stop
                0x0000000000008dae        0x6 zephyr/drivers/clock_control/libdrivers__clock_control.a(clock_control_nrf.c.obj)
 .text.blocking_start_callback
                0x0000000000008db4        0x6 zephyr/drivers/clock_control/libdrivers__clock_control.a(clock_control_nrf.c.obj)
 .text.api_start
                0x0000000000008dba       0x36 zephyr/drivers/clock_control/libdrivers__clock_control.a(clock_control_nrf.c.obj)
 .text.gpio_nrfx_port_get_raw
                0x0000000000008df0        0xe zephyr/drivers/gpio/libdrivers__gpio.a(gpio_nrfx.c.obj)
 .text.gpio_nrfx_port_set_masked_raw
                0x0000000000008dfe       0x16 zephyr/drivers/gpio/libdrivers__gpio.a(gpio_nrfx.c.obj)
 .text.gpio_nrfx_port_set_bits_raw
                0x0000000000008e14        0xc zephyr/drivers/gpio/libdrivers__gpio.a(gpio_nrfx.c.obj)
 .text.gpio_nrfx_port_clear_bits_raw
                0x0000000000008e20        0xc zephyr/drivers/gpio/libdrivers__gpio.a(gpio_nrfx.c.obj)
 .text.gpio_nrfx_port_toggle_bits
                0x0000000000008e2c       0x12 zephyr/drivers/gpio/libdrivers__gpio.a(gpio_nrfx.c.obj)
 .text.any_other_channel_is_active
                0x0000000000008e3e       0x2a zephyr/drivers/pwm/libdrivers__pwm.a(pwm_nrfx.c.obj)
 .text.pwm_nrfx_pin_set
                0x0000000000008e68      0x170 zephyr/drivers/pwm/libdrivers__pwm.a(pwm_nrfx.c.obj)
 .text.uarte_nrfx_isr_int
                0x0000000000008fd8       0x74 zephyr/drivers/serial/libdrivers__serial.a(uart_nrfx_uarte.c.obj)
 .text.uarte_nrfx_config_get
                0x000000000000904c       0x10 zephyr/drivers/serial/libdrivers__serial.a(uart_nrfx_uarte.c.obj)
 .text.uarte_nrfx_err_check
                0x000000000000905c        0xe zephyr/drivers/serial/libdrivers__serial.a(uart_nrfx_uarte.c.obj)
 .text.is_tx_ready
                0x000000000000906a       0x20 zephyr/drivers/serial/libdrivers__serial.a(uart_nrfx_uarte.c.obj)
 .text.uarte_nrfx_poll_in
                0x000000000000908a       0x26 zephyr/drivers/serial/libdrivers__serial.a(uart_nrfx_uarte.c.obj)
 .text.uarte_0_init
                0x00000000000090b0       0x1e zephyr/drivers/serial/libdrivers__serial.a(uart_nrfx_uarte.c.obj)
 .text.uarte_1_init
                0x00000000000090ce       0x1e zephyr/drivers/serial/libdrivers__serial.a(uart_nrfx_uarte.c.obj)
 .text.sys_clock_idle_exit
                0x00000000000090ec        0x2 zephyr/drivers/timer/libdrivers__timer.a(sys_clock_init.c.obj)
                0x00000000000090ec                sys_clock_idle_exit
 .text.k_sys_fatal_error_handler
                0x00000000000090ee        0x8 modules/nrf/lib/fatal_error/lib..__nrf__lib__fatal_error.a(fatal_error.c.obj)
                0x00000000000090ee                k_sys_fatal_error_handler
 .text.hw_cc3xx_init_internal
                0x00000000000090f6        0x4 modules/nrf/drivers/hw_cc310/lib..__nrf__drivers__hw_cc310.a(hw_cc310.c.obj)
 .text.hw_cc3xx_init
                0x00000000000090fa       0x12 modules/nrf/drivers/hw_cc310/lib..__nrf__drivers__hw_cc310.a(hw_cc310.c.obj)
 .text.nrfx_isr
                0x000000000000910c        0x2 modules/hal_nordic/nrfx/libmodules__hal_nordic__nrfx.a(nrfx_glue.c.obj)
                0x000000000000910c                nrfx_isr
 .text.nrfx_busy_wait
                0x000000000000910e        0x4 modules/hal_nordic/nrfx/libmodules__hal_nordic__nrfx.a(nrfx_glue.c.obj)
                0x000000000000910e                nrfx_busy_wait
 .text.nrf_gpio_pin_present_check
                0x0000000000009112       0x22 modules/hal_nordic/nrfx/libmodules__hal_nordic__nrfx.a(nrfx_gpiote.c.obj)
 .text.nrf_gpiote_in_event_get
                0x0000000000009134        0x8 modules/hal_nordic/nrfx/libmodules__hal_nordic__nrfx.a(nrfx_gpiote.c.obj)
 .text.nrf_gpio_reconfigure
                0x000000000000913c       0x96 modules/hal_nordic/nrfx/libmodules__hal_nordic__nrfx.a(nrfx_gpiote.c.obj)
 .text.nrf_gpio_cfg_sense_set
                0x00000000000091d2       0x1e modules/hal_nordic/nrfx/libmodules__hal_nordic__nrfx.a(nrfx_gpiote.c.obj)
 .text.start_playback.isra.0
                0x00000000000091f0       0x46 modules/hal_nordic/nrfx/libmodules__hal_nordic__nrfx.a(nrfx_pwm.c.obj)
 .text.SEGGER_RTT_Init
                0x0000000000009236        0x4 modules/segger/libmodules__segger.a(SEGGER_RTT.c.obj)
                0x0000000000009236                SEGGER_RTT_Init
 .text.rtt_init
                0x000000000000923a        0xa modules/segger/libmodules__segger.a(SEGGER_RTT_zephyr.c.obj)
 .text.z_device_state_init
                0x0000000000009244        0x2 zephyr/kernel/libkernel.a(device.c.obj)
                0x0000000000009244                z_device_state_init
 .text.z_device_ready
                0x0000000000009246       0x14 zephyr/kernel/libkernel.a(device.c.obj)
                0x0000000000009246                z_device_ready
 .text.z_pm_save_idle_exit
                0x000000000000925a        0xe zephyr/kernel/libkernel.a(idle.c.obj)
                0x000000000000925a                z_pm_save_idle_exit
 .text.k_mem_slab_init
                0x0000000000009268       0x38 zephyr/kernel/libkernel.a(mem_slab.c.obj)
                0x0000000000009268                k_mem_slab_init
 .text.z_impl_k_mutex_init
                0x00000000000092a0        0xe zephyr/kernel/libkernel.a(mutex.c.obj)
                0x00000000000092a0                z_impl_k_mutex_init
 .text.z_queue_node_peek
                0x00000000000092ae       0x18 zephyr/kernel/libkernel.a(queue.c.obj)
                0x00000000000092ae                z_queue_node_peek
 .text.z_impl_k_queue_init
                0x00000000000092c6       0x12 zephyr/kernel/libkernel.a(queue.c.obj)
                0x00000000000092c6                z_impl_k_queue_init
 .text.k_queue_append
                0x00000000000092d8       0x16 zephyr/kernel/libkernel.a(queue.c.obj)
                0x00000000000092d8                k_queue_append
 .text.z_reschedule_irqlock
                0x00000000000092ee       0x18 zephyr/kernel/libkernel.a(sched.c.obj)
                0x00000000000092ee                z_reschedule_irqlock
 .text.z_reschedule_unlocked
                0x0000000000009306       0x14 zephyr/kernel/libkernel.a(sched.c.obj)
 .text.z_priq_dumb_best
                0x000000000000931a       0x14 zephyr/kernel/libkernel.a(sched.c.obj)
                0x000000000000931a                z_priq_dumb_best
 .text.z_unpend_all
                0x000000000000932e       0x20 zephyr/kernel/libkernel.a(sched.c.obj)
                0x000000000000932e                z_unpend_all
 .text.k_is_in_isr
                0x000000000000934e        0xc zephyr/kernel/libkernel.a(thread.c.obj)
                0x000000000000934e                k_is_in_isr
 .text.sys_clock_tick_get_32
                0x000000000000935a        0x8 zephyr/kernel/libkernel.a(timeout.c.obj)
                0x000000000000935a                sys_clock_tick_get_32
 .text.z_impl_k_uptime_ticks
                0x0000000000009362        0x4 zephyr/kernel/libkernel.a(timeout.c.obj)
                0x0000000000009362                z_impl_k_uptime_ticks
 .text.z_impl_k_busy_wait
                0x0000000000009366        0x8 zephyr/kernel/libkernel.a(timeout.c.obj)
                0x0000000000009366                z_impl_k_busy_wait
 .text.sys_clock_timeout_end_calc
                0x000000000000936e       0x52 zephyr/kernel/libkernel.a(timeout.c.obj)
                0x000000000000936e                sys_clock_timeout_end_calc
 .text.z_impl_k_timer_stop
                0x00000000000093c0       0x3a zephyr/kernel/libkernel.a(timer.c.obj)
                0x00000000000093c0                z_impl_k_timer_stop
 .text.k_free   0x00000000000093fa        0xe zephyr/kernel/libkernel.a(mempool.c.obj)
                0x00000000000093fa                k_free
 .text.k_heap_init
                0x0000000000009408       0x10 zephyr/kernel/libkernel.a(kheap.c.obj)
                0x0000000000009408                k_heap_init
 *(SORT_BY_ALIGNMENT(.TEXT.*))
 .TEXT.z_arm_platform_init
                0x0000000000009418        0x4 zephyr/libzephyr.a(soc_nrf_common.S.obj)
                0x0000000000009418                z_arm_platform_init
 *(SORT_BY_ALIGNMENT(.gnu.linkonce.t.*))
 *(SORT_BY_ALIGNMENT(.glue_7t))
 .glue_7t       0x000000000000941c        0x0 linker stubs
 *(SORT_BY_ALIGNMENT(.glue_7))
 .glue_7        0x000000000000941c        0x0 linker stubs
 *(SORT_BY_ALIGNMENT(.vfp11_veneer))
 .vfp11_veneer  0x000000000000941c        0x0 linker stubs
 *(SORT_BY_ALIGNMENT(.v4_bx))
 .v4_bx         0x000000000000941c        0x0 linker stubs
                0x000000000000941c                __text_region_end = .

.ARM.exidx      0x000000000000941c        0x8
                0x000000000000941c                __exidx_start = .
 *(SORT_BY_ALIGNMENT(.ARM.exidx*) SORT_BY_ALIGNMENT(gnu.linkonce.armexidx.*))
 .ARM.exidx     0x000000000000941c        0x8 /home/giacomo/gnuarmemb/gcc-arm-none-eabi-9-2019-q4-major/bin/../lib/gcc/arm-none-eabi/9.2.1/thumb/v7e-m/nofp/libgcc.a(_udivmoddi4.o)
                0x0000000000009424                __exidx_end = .
                0x0000000000009424                __rodata_region_start = .

initlevel       0x0000000000009424       0x78
                0x0000000000009424                __init_start = .
                0x0000000000009424                __init_PRE_KERNEL_1_start = .
 *(SORT_BY_NAME(SORT_BY_ALIGNMENT(.z_init_PRE_KERNEL_1[0-9]_*)))
 .z_init_PRE_KERNEL_10_
                0x0000000000009424        0x8 zephyr/soc/arm/nordic_nrf/nrf52/libsoc__arm__nordic_nrf__nrf52.a(soc.c.obj)
 *(SORT_BY_NAME(SORT_BY_ALIGNMENT(.z_init_PRE_KERNEL_1[1-9][0-9]_*)))
 .z_init_PRE_KERNEL_130_
                0x000000000000942c        0x8 zephyr/drivers/clock_control/libdrivers__clock_control.a(clock_control_nrf.c.obj)
 .z_init_PRE_KERNEL_130_
                0x0000000000009434        0x8 modules/segger/libmodules__segger.a(SEGGER_RTT_zephyr.c.obj)
 .z_init_PRE_KERNEL_130_
                0x000000000000943c        0x8 zephyr/kernel/libkernel.a(mem_slab.c.obj)
 .z_init_PRE_KERNEL_130_
                0x0000000000009444        0x8 zephyr/kernel/libkernel.a(kheap.c.obj)
 .z_init_PRE_KERNEL_140_
                0x000000000000944c       0x10 zephyr/drivers/gpio/libdrivers__gpio.a(gpio_nrfx.c.obj)
 .z_init_PRE_KERNEL_140_
                0x000000000000945c        0x8 modules/nrf/drivers/hw_cc310/lib..__nrf__drivers__hw_cc310.a(hw_cc310.c.obj)
 .z_init_PRE_KERNEL_155_
                0x0000000000009464       0x10 zephyr/drivers/serial/libdrivers__serial.a(uart_nrfx_uarte.c.obj)
 .z_init_PRE_KERNEL_160_
                0x0000000000009474        0x8 zephyr/drivers/console/libdrivers__console.a(uart_console.c.obj)
                0x000000000000947c                __init_PRE_KERNEL_2_start = .
 *(SORT_BY_NAME(SORT_BY_ALIGNMENT(.z_init_PRE_KERNEL_2[0-9]_*)))
 .z_init_PRE_KERNEL_20_
                0x000000000000947c        0x8 zephyr/drivers/timer/libdrivers__timer.a(nrf_rtc_timer.c.obj)
 *(SORT_BY_NAME(SORT_BY_ALIGNMENT(.z_init_PRE_KERNEL_2[1-9][0-9]_*)))
                0x0000000000009484                __init_POST_KERNEL_start = .
 *(SORT_BY_NAME(SORT_BY_ALIGNMENT(.z_init_POST_KERNEL[0-9]_*)))
 *(SORT_BY_NAME(SORT_BY_ALIGNMENT(.z_init_POST_KERNEL[1-9][0-9]_*)))
 .z_init_POST_KERNEL40_
                0x0000000000009484        0x8 modules/nrf/drivers/hw_cc310/lib..__nrf__drivers__hw_cc310.a(hw_cc310.c.obj)
 .z_init_POST_KERNEL50_
                0x000000000000948c        0x8 zephyr/drivers/adc/libdrivers__adc.a(adc_nrfx_saadc.c.obj)
 .z_init_POST_KERNEL50_
                0x0000000000009494        0x8 zephyr/drivers/pwm/libdrivers__pwm.a(pwm_nrfx.c.obj)
                0x000000000000949c                __init_APPLICATION_start = .
 *(SORT_BY_NAME(SORT_BY_ALIGNMENT(.z_init_APPLICATION[0-9]_*)))
 *(SORT_BY_NAME(SORT_BY_ALIGNMENT(.z_init_APPLICATION[1-9][0-9]_*)))
                0x000000000000949c                __init_SMP_start = .
 *(SORT_BY_NAME(SORT_BY_ALIGNMENT(.z_init_SMP[0-9]_*)))
 *(SORT_BY_NAME(SORT_BY_ALIGNMENT(.z_init_SMP[1-9][0-9]_*)))
                0x000000000000949c                __init_end = .

devices         0x000000000000949c       0xa8
                0x000000000000949c                __device_start = .
                0x000000000000949c                __device_PRE_KERNEL_1_start = .
 *(SORT_BY_NAME(SORT_BY_ALIGNMENT(.z_device_PRE_KERNEL_1[0-9]_*)))
 *(SORT_BY_NAME(SORT_BY_ALIGNMENT(.z_device_PRE_KERNEL_1[1-9][0-9]_*)))
 .z_device_PRE_KERNEL_130_
                0x000000000000949c       0x18 zephyr/drivers/clock_control/libdrivers__clock_control.a(clock_control_nrf.c.obj)
                0x000000000000949c                __device_dts_ord_27
 .z_device_PRE_KERNEL_140_
                0x00000000000094b4       0x30 zephyr/drivers/gpio/libdrivers__gpio.a(gpio_nrfx.c.obj)
                0x00000000000094b4                __device_dts_ord_11
                0x00000000000094cc                __device_dts_ord_54
 .z_device_PRE_KERNEL_155_
                0x00000000000094e4       0x30 zephyr/drivers/serial/libdrivers__serial.a(uart_nrfx_uarte.c.obj)
                0x00000000000094e4                __device_dts_ord_63
                0x00000000000094fc                __device_dts_ord_62
                0x0000000000009514                __device_PRE_KERNEL_2_start = .
 *(SORT_BY_NAME(SORT_BY_ALIGNMENT(.z_device_PRE_KERNEL_2[0-9]_*)))
 *(SORT_BY_NAME(SORT_BY_ALIGNMENT(.z_device_PRE_KERNEL_2[1-9][0-9]_*)))
                0x0000000000009514                __device_POST_KERNEL_start = .
 *(SORT_BY_NAME(SORT_BY_ALIGNMENT(.z_device_POST_KERNEL[0-9]_*)))
 *(SORT_BY_NAME(SORT_BY_ALIGNMENT(.z_device_POST_KERNEL[1-9][0-9]_*)))
 .z_device_POST_KERNEL50_
                0x0000000000009514       0x18 zephyr/drivers/adc/libdrivers__adc.a(adc_nrfx_saadc.c.obj)
                0x0000000000009514                __device_dts_ord_26
 .z_device_POST_KERNEL50_
                0x000000000000952c       0x18 zephyr/drivers/pwm/libdrivers__pwm.a(pwm_nrfx.c.obj)
                0x000000000000952c                __device_dts_ord_24
                0x0000000000009544                __device_APPLICATION_start = .
 *(SORT_BY_NAME(SORT_BY_ALIGNMENT(.z_device_APPLICATION[0-9]_*)))
 *(SORT_BY_NAME(SORT_BY_ALIGNMENT(.z_device_APPLICATION[1-9][0-9]_*)))
                0x0000000000009544                __device_SMP_start = .
 *(SORT_BY_NAME(SORT_BY_ALIGNMENT(.z_device_SMP[0-9]_*)))
 *(SORT_BY_NAME(SORT_BY_ALIGNMENT(.z_device_SMP[1-9][0-9]_*)))
                0x0000000000009544                __device_end = .

sw_isr_table    0x0000000000009544      0x180
                0x0000000000009544                . = ALIGN (0x0)
 *(SORT_BY_ALIGNMENT(.gnu.linkonce.sw_isr_table*))
 .gnu.linkonce.sw_isr_table
                0x0000000000009544      0x180 zephyr/CMakeFiles/zephyr_final.dir/isr_tables.c.obj
                0x0000000000009544                _sw_isr_table

initlevel_error
                0x0000000000009424        0x0
 *(SORT_BY_NAME(SORT_BY_ALIGNMENT(.z_init_[_A-Z0-9]*)))
                0x0000000000000001                ASSERT ((SIZEOF (initlevel_error) == 0x0), Undefined initialization levels used.)

app_shmem_regions
                0x00000000000096c4        0x0
                0x00000000000096c4                __app_shmem_regions_start = .
 *(SORT_BY_NAME(SORT_BY_ALIGNMENT(.app_regions.*)))
                0x00000000000096c4                __app_shmem_regions_end = .

bt_l2cap_fixed_chan_area
                0x00000000000096c4        0x0
                0x00000000000096c4                _bt_l2cap_fixed_chan_list_start = .
 *(SORT_BY_NAME(SORT_BY_ALIGNMENT(._bt_l2cap_fixed_chan.static.*)))
                0x00000000000096c4                _bt_l2cap_fixed_chan_list_end = .

bt_gatt_service_static_area
                0x00000000000096c4        0x0
                0x00000000000096c4                _bt_gatt_service_static_list_start = .
 *(SORT_BY_NAME(SORT_BY_ALIGNMENT(._bt_gatt_service_static.static.*)))
                0x00000000000096c4                _bt_gatt_service_static_list_end = .

k_p4wq_initparam_area
                0x00000000000096c4        0x0
                0x00000000000096c4                _k_p4wq_initparam_list_start = .
 *(SORT_BY_NAME(SORT_BY_ALIGNMENT(._k_p4wq_initparam.static.*)))
                0x00000000000096c4                _k_p4wq_initparam_list_end = .

log_strings_sections
                0x00000000000096c4        0x0
                0x00000000000096c4                __log_strings_start = .
 *(SORT_BY_NAME(SORT_BY_ALIGNMENT(.log_strings*)))
                0x00000000000096c4                __log_strings_end = .

log_const_sections
                0x00000000000096c4        0x0
                0x00000000000096c4                __log_const_start = .
 *(SORT_BY_NAME(SORT_BY_ALIGNMENT(.log_const_*)))
                0x00000000000096c4                __log_const_end = .

log_backends_sections
                0x00000000000096c4        0x0
                0x00000000000096c4                __log_backends_start = .
 *(SORT_BY_ALIGNMENT(._log_backend.*))
                0x00000000000096c4                __log_backends_end = .

shell_area      0x00000000000096c4        0x0
                0x00000000000096c4                _shell_list_start = .
 *(SORT_BY_NAME(SORT_BY_ALIGNMENT(._shell.static.*)))
                0x00000000000096c4                _shell_list_end = .

shell_root_cmds_sections
                0x00000000000096c4        0x0
                0x00000000000096c4                __shell_root_cmds_start = .
 *(SORT_BY_NAME(SORT_BY_ALIGNMENT(.shell_root_cmd_*)))
                0x00000000000096c4                __shell_root_cmds_end = .

font_entry_sections
                0x00000000000096c4        0x0
                0x00000000000096c4                __font_entry_start = .
 *(SORT_BY_NAME(SORT_BY_ALIGNMENT(._cfb_font.*)))
                0x00000000000096c4                __font_entry_end = .

tracing_backend_area
                0x00000000000096c4        0x0
                0x00000000000096c4                _tracing_backend_list_start = .
 *(SORT_BY_NAME(SORT_BY_ALIGNMENT(._tracing_backend.static.*)))
                0x00000000000096c4                _tracing_backend_list_end = .

zephyr_dbg_info
 *(SORT_BY_ALIGNMENT(.dbg_thread_info))

device_handles  0x00000000000096c4       0x2a
                0x00000000000096c4                __device_handles_start = .
 *(SORT_BY_NAME(SORT_BY_ALIGNMENT(.__device_handles_pass2*)))
 .__device_handles_pass2
                0x00000000000096c4       0x2a zephyr/CMakeFiles/zephyr_final.dir/dev_handles.c.obj
                0x00000000000096c4                __devicehdl_DT_N_S_soc_S_pwm_4001c000
                0x00000000000096ca                __devicehdl_DT_N_S_soc_S_adc_40007000
                0x00000000000096d0                __devicehdl_DT_N_S_soc_S_uart_40002000
                0x00000000000096d6                __devicehdl_DT_N_S_soc_S_uart_40028000
                0x00000000000096dc                __devicehdl_DT_N_S_soc_S_gpio_50000300
                0x00000000000096e2                __devicehdl_DT_N_S_soc_S_gpio_50000000
                0x00000000000096e8                __devicehdl_DT_N_S_soc_S_clock_40000000
                0x00000000000096ee                __device_handles_end = .

rodata          0x00000000000096f0     0x1554
 *(SORT_BY_ALIGNMENT(.rodata))
 *(SORT_BY_ALIGNMENT(.rodata.*))
 .rodata.delay_machine_code.12406
                0x00000000000096f0        0x6 zephyr/soc/arm/nordic_nrf/nrf52/libsoc__arm__nordic_nrf__nrf52.a(soc.c.obj)
 *fill*         0x00000000000096f6        0x2 
 .rodata.apis   0x00000000000096f8        0x8 zephyr/libzephyr.a(nrf_cc3xx_platform_abort_zephyr.c.obj)
 .rodata.mutex_apis
                0x0000000000009700       0x10 zephyr/libzephyr.a(nrf_cc3xx_platform_mutex_zephyr.c.obj)
 .rodata.mutexes
                0x0000000000009710       0x14 zephyr/libzephyr.a(nrf_cc3xx_platform_mutex_zephyr.c.obj)
 .rodata.static_regions
                0x0000000000009724        0xc zephyr/arch/arch/arm/core/aarch32/mpu/libarch__arm__core__aarch32__mpu.a(arm_core_mpu.c.obj)
 .rodata.mpu_config
                0x0000000000009730        0x8 zephyr/soc/arm/common/cortex_m/libsoc__arm__common__cortex_m.a(arm_mpu_regions.c.obj)
                0x0000000000009730                mpu_config
 .rodata.mpu_regions
                0x0000000000009738       0x18 zephyr/soc/arm/common/cortex_m/libsoc__arm__common__cortex_m.a(arm_mpu_regions.c.obj)
 .rodata.adc_nrfx_driver_api
                0x0000000000009750        0xc zephyr/drivers/adc/libdrivers__adc.a(adc_nrfx_saadc.c.obj)
 .rodata.clock_control_api
                0x000000000000975c       0x18 zephyr/drivers/clock_control/libdrivers__clock_control.a(clock_control_nrf.c.obj)
 .rodata.config
                0x0000000000009774       0x10 zephyr/drivers/clock_control/libdrivers__clock_control.a(clock_control_nrf.c.obj)
 .rodata.transitions.11164
                0x0000000000009784        0xc zephyr/drivers/clock_control/libdrivers__clock_control.a(clock_control_nrf.c.obj)
 .rodata.gpio_nrfx_drv_api_funcs
                0x0000000000009790       0x24 zephyr/drivers/gpio/libdrivers__gpio.a(gpio_nrfx.c.obj)
 .rodata.gpio_nrfx_p0_cfg
                0x00000000000097b4       0x10 zephyr/drivers/gpio/libdrivers__gpio.a(gpio_nrfx.c.obj)
 .rodata.gpio_nrfx_p1_cfg
                0x00000000000097c4       0x10 zephyr/drivers/gpio/libdrivers__gpio.a(gpio_nrfx.c.obj)
 .rodata.pwm_nrfx_0config
                0x00000000000097d4       0x28 zephyr/drivers/pwm/libdrivers__pwm.a(pwm_nrfx.c.obj)
 .rodata.pwm_nrfx_drv_api_funcs
                0x00000000000097fc        0x8 zephyr/drivers/pwm/libdrivers__pwm.a(pwm_nrfx.c.obj)
 .rodata.uart_nrfx_uarte_driver_api
                0x0000000000009804       0x14 zephyr/drivers/serial/libdrivers__serial.a(uart_nrfx_uarte.c.obj)
 .rodata.uarte_0z_config
                0x0000000000009818       0x20 zephyr/drivers/serial/libdrivers__serial.a(uart_nrfx_uarte.c.obj)
 .rodata.uarte_1z_config
                0x0000000000009838       0x20 zephyr/drivers/serial/libdrivers__serial.a(uart_nrfx_uarte.c.obj)
 .rodata.levels.9429
                0x0000000000009858       0x14 zephyr/kernel/libkernel.a(device.c.obj)
 .rodata._k_neg_eagain
                0x000000000000986c        0x4 zephyr/kernel/libkernel.a(errno.c.obj)
                0x000000000000986c                _k_neg_eagain
 .rodata.CSWTCH.8
                0x0000000000009870       0x1c /home/giacomo/ncs/nrfxlib/crypto/nrf_cc310_platform/lib/cortex-m4/soft-float/no-interrupts/libnrf_cc310_platform_0.9.13.a(nrf_cc3xx_platform.c.obj)
 .rodata.mutex_free.str1.4
                0x000000000000988c       0x26 /home/giacomo/ncs/nrfxlib/crypto/nrf_cc310_platform/lib/cortex-m4/soft-float/no-interrupts/libnrf_cc310_platform_0.9.13.a(nrf_cc3xx_platform_mutex.c.obj)
 *fill*         0x00000000000098b2        0x2 
 .rodata.mutex_init.str1.4
                0x00000000000098b4       0x23 /home/giacomo/ncs/nrfxlib/crypto/nrf_cc310_platform/lib/cortex-m4/soft-float/no-interrupts/libnrf_cc310_platform_0.9.13.a(nrf_cc3xx_platform_mutex.c.obj)
 *fill*         0x00000000000098d7        0x1 
 .rodata.CC_PalPowerSaveModeInit.str1.4
                0x00000000000098d8       0x20 /home/giacomo/ncs/nrfxlib/crypto/nrf_cc310_platform/lib/cortex-m4/soft-float/no-interrupts/libnrf_cc310_platform_0.9.13.a(cc_pal_pm.c.obj)
 .rodata.my_channel_cfg
                0x00000000000098f8        0x8 app/libapp.a(main.c.obj)
 .rodata.thread_A_code.str1.1
                0x0000000000009900       0xda app/libapp.a(main.c.obj)
 .rodata.thread_B_code.str1.1
                0x00000000000099da       0x2c app/libapp.a(main.c.obj)
 .rodata.thread_C_code.str1.1
                0x0000000000009a06       0x74 app/libapp.a(main.c.obj)
 .rodata.main.str1.1
                0x0000000000009a7a       0x56 app/libapp.a(main.c.obj)
 .rodata.cbvprintf.str1.1
                0x0000000000009ad0        0x6 zephyr/libzephyr.a(cbprintf_complete.c.obj)
 .rodata.sys_heap_free.str1.1
                0x0000000000009ad6       0xe9 zephyr/libzephyr.a(heap.c.obj)
 .rodata.sys_heap_aligned_alloc.str1.1
                0x0000000000009bbf       0x38 zephyr/libzephyr.a(heap.c.obj)
 .rodata.sys_heap_init.str1.1
                0x0000000000009bf7       0xbb zephyr/libzephyr.a(heap.c.obj)
 .rodata.sys_notify_finalize.str1.1
                0x0000000000009cb2       0x23 zephyr/libzephyr.a(notify.c.obj)
                                         0x42 (size before relaxing)
 .rodata.mutex_free_platform.str1.1
                0x0000000000009cd5       0x26 zephyr/libzephyr.a(nrf_cc3xx_platform_mutex_zephyr.c.obj)
 .rodata.mutex_init_platform.str1.1
                0x0000000000009cfb       0x2d zephyr/libzephyr.a(nrf_cc3xx_platform_mutex_zephyr.c.obj)
 .rodata.process_event.str1.1
                0x0000000000009d28      0x122 zephyr/libzephyr.a(onoff.c.obj)
                                        0x141 (size before relaxing)
 .rodata.pm_state_notify.str1.1
                0x0000000000009e4a       0x9c zephyr/libzephyr.a(pm.c.obj)
 .rodata.sys_reboot.str1.1
                0x0000000000009e4a       0x29 zephyr/libzephyr.a(reboot.c.obj)
 .rodata.z_arm_irq_priority_set.str1.1
                0x0000000000009e73       0x91 zephyr/arch/arch/arm/core/aarch32/libarch__arm__core__aarch32.a(irq_manage.c.obj)
                                         0xae (size before relaxing)
 .rodata.mem_manage_fault.str1.1
                0x0000000000009f04       0xa7 zephyr/arch/arch/arm/core/aarch32/cortex_m/libarch__arm__core__aarch32__cortex_m.a(fault.c.obj)
                                         0xc4 (size before relaxing)
 .rodata.z_arm_fault.str1.1
                0x0000000000009fab       0xa5 zephyr/arch/arch/arm/core/aarch32/cortex_m/libarch__arm__core__aarch32__cortex_m.a(fault.c.obj)
                                         0xa7 (size before relaxing)
 .rodata.arm_core_mpu_configure_static_mpu_regions.str1.1
                0x000000000000a050       0x63 zephyr/arch/arch/arm/core/aarch32/mpu/libarch__arm__core__aarch32__mpu.a(arm_mpu.c.obj)
                                         0x82 (size before relaxing)
 .rodata.arm_core_mpu_configure_dynamic_mpu_regions.str1.1
                0x000000000000a0b3       0x2d zephyr/arch/arch/arm/core/aarch32/mpu/libarch__arm__core__aarch32__mpu.a(arm_mpu.c.obj)
 .rodata.z_arm_mpu_init.str1.1
                0x000000000000a0e0       0xa5 zephyr/arch/arch/arm/core/aarch32/mpu/libarch__arm__core__aarch32__mpu.a(arm_mpu.c.obj)
 .rodata.str1.1
                0x000000000000a185        0xf zephyr/soc/arm/common/cortex_m/libsoc__arm__common__cortex_m.a(arm_mpu_regions.c.obj)
 .rodata.CSWTCH.9
                0x000000000000a194        0x6 zephyr/soc/arm/nordic_nrf/nrf52/libsoc__arm__nordic_nrf__nrf52.a(soc.c.obj)
 .rodata.str1.1
                0x000000000000a19a        0x6 zephyr/drivers/adc/libdrivers__adc.a(adc_nrfx_saadc.c.obj)
 .rodata.get_status.str1.1
                0x000000000000a19a       0x61 zephyr/drivers/clock_control/libdrivers__clock_control.a(clock_control_nrf.c.obj)
                                         0x7e (size before relaxing)
 .rodata.clock_event_handler.str1.1
                0x000000000000a1fb        0x2 zephyr/drivers/clock_control/libdrivers__clock_control.a(clock_control_nrf.c.obj)
 .rodata.z_nrf_clock_control_lf_on.str1.1
                0x000000000000a1fb        0x9 zephyr/drivers/clock_control/libdrivers__clock_control.a(clock_control_nrf.c.obj)
 .rodata.str1.1
                0x000000000000a204        0x6 zephyr/drivers/clock_control/libdrivers__clock_control.a(clock_control_nrf.c.obj)
 .rodata.gpio_nrfx_manage_callback.str1.1
                0x000000000000a20a       0x6e zephyr/drivers/gpio/libdrivers__gpio.a(gpio_nrfx.c.obj)
                                         0x8b (size before relaxing)
 .rodata.nrfx_gpio_handler.str1.1
                0x000000000000a278        0xc zephyr/drivers/gpio/libdrivers__gpio.a(gpio_nrfx.c.obj)
 .rodata.gpio_nrfx_pin_interrupt_configure.str1.1
                0x000000000000a284       0x56 zephyr/drivers/gpio/libdrivers__gpio.a(gpio_nrfx.c.obj)
                                         0x58 (size before relaxing)
 .rodata.str1.1
                0x000000000000a2da        0xe zephyr/drivers/gpio/libdrivers__gpio.a(gpio_nrfx.c.obj)
 .rodata.nrf_gpio_pin_port_decode.str1.1
                0x000000000000a2e8       0x75 zephyr/drivers/pwm/libdrivers__pwm.a(pwm_nrfx.c.obj)
 .rodata.str1.1
                0x000000000000a2e8        0x6 zephyr/drivers/pwm/libdrivers__pwm.a(pwm_nrfx.c.obj)
 .rodata.nrf_gpio_pin_port_decode.str1.1
                0x000000000000a2e8       0x75 zephyr/drivers/serial/libdrivers__serial.a(uart_nrfx_uarte.c.obj)
 .rodata.str1.1
                0x000000000000a2e8        0xe zephyr/drivers/serial/libdrivers__serial.a(uart_nrfx_uarte.c.obj)
 .rodata.nrf_clock_is_running.constprop.0.str1.1
                0x000000000000a2f6       0x34 modules/hal_nordic/nrfx/libmodules__hal_nordic__nrfx.a(nrfx_clock.c.obj)
                                         0x53 (size before relaxing)
 .rodata.nrfx_clock_init.str1.1
                0x000000000000a32a       0x4b modules/hal_nordic/nrfx/libmodules__hal_nordic__nrfx.a(nrfx_clock.c.obj)
 .rodata.nrfx_clock_enable.str1.1
                0x000000000000a375       0x1e modules/hal_nordic/nrfx/libmodules__hal_nordic__nrfx.a(nrfx_clock.c.obj)
 .rodata.legacy_handler.str1.1
                0x000000000000a393       0x64 modules/hal_nordic/nrfx/libmodules__hal_nordic__nrfx.a(nrfx_gpiote.c.obj)
                                         0x81 (size before relaxing)
 .rodata.release_handler.str1.1
                0x000000000000a3f7       0x14 modules/hal_nordic/nrfx/libmodules__hal_nordic__nrfx.a(nrfx_gpiote.c.obj)
 .rodata.nrf_gpio_pin_port_decode.str1.1
                0x000000000000a40b       0x58 modules/hal_nordic/nrfx/libmodules__hal_nordic__nrfx.a(nrfx_gpiote.c.obj)
 .rodata.nrfx_gpiote_channel_get.str1.1
                0x000000000000a40b        0xa modules/hal_nordic/nrfx/libmodules__hal_nordic__nrfx.a(nrfx_gpiote.c.obj)
 .rodata.nrfx_gpiote_trigger_enable.str1.1
                0x000000000000a415       0x20 modules/hal_nordic/nrfx/libmodules__hal_nordic__nrfx.a(nrfx_gpiote.c.obj)
 .rodata.nrf_pwm_sequence_set.str1.1
                0x000000000000a435       0xcd modules/hal_nordic/nrfx/libmodules__hal_nordic__nrfx.a(nrfx_pwm.c.obj)
                                         0xea (size before relaxing)
 .rodata.nrf_gpio_pin_port_decode.str1.1
                0x000000000000a502       0x58 modules/hal_nordic/nrfx/libmodules__hal_nordic__nrfx.a(nrfx_pwm.c.obj)
 .rodata.nrfx_pwm_init.str1.1
                0x000000000000a502       0x65 modules/hal_nordic/nrfx/libmodules__hal_nordic__nrfx.a(nrfx_pwm.c.obj)
 .rodata.nrfx_pwm_uninit.str1.1
                0x000000000000a567       0x2c modules/hal_nordic/nrfx/libmodules__hal_nordic__nrfx.a(nrfx_pwm.c.obj)
 .rodata.nrfx_pwm_simple_playback.str1.1
                0x000000000000a593       0x3c modules/hal_nordic/nrfx/libmodules__hal_nordic__nrfx.a(nrfx_pwm.c.obj)
 .rodata.nrfx_pwm_stop.str1.1
                0x000000000000a5cf       0x45 modules/hal_nordic/nrfx/libmodules__hal_nordic__nrfx.a(nrfx_pwm.c.obj)
 .rodata.CSWTCH.14
                0x000000000000a614        0x6 modules/hal_nordic/nrfx/libmodules__hal_nordic__nrfx.a(system_nrf52840.c.obj)
 .rodata.CSWTCH.5
                0x000000000000a61a        0x6 modules/hal_nordic/nrfx/libmodules__hal_nordic__nrfx.a(system_nrf52840.c.obj)
 .rodata._DoInit.str1.1
                0x000000000000a620       0x14 modules/segger/libmodules__segger.a(SEGGER_RTT.c.obj)
 .rodata.z_fatal_error.str1.1
                0x000000000000a634       0x74 zephyr/kernel/libkernel.a(fatal.c.obj)
                                         0x91 (size before relaxing)
 .rodata.idle.str1.1
                0x000000000000a6a8       0x49 zephyr/kernel/libkernel.a(idle.c.obj)
                                         0x66 (size before relaxing)
 .rodata.z_cstart.str1.1
                0x000000000000a6f1        0x5 zephyr/kernel/libkernel.a(init.c.obj)
 .rodata.init_mem_slab_module.str1.1
                0x000000000000a6f6       0x61 zephyr/kernel/libkernel.a(mem_slab.c.obj)
                                         0x7e (size before relaxing)
 .rodata.k_mem_slab_alloc.str1.1
                0x000000000000a757       0x7f zephyr/kernel/libkernel.a(mem_slab.c.obj)
 .rodata.z_impl_k_mutex_lock.str1.1
                0x000000000000a757       0x59 zephyr/kernel/libkernel.a(mutex.c.obj)
                                         0xf5 (size before relaxing)
 .rodata.z_impl_k_mutex_unlock.str1.1
                0x000000000000a7b0       0x76 zephyr/kernel/libkernel.a(mutex.c.obj)
 .rodata.queue_insert.str1.1
                0x000000000000a826       0x9c zephyr/kernel/libkernel.a(queue.c.obj)
 .rodata.k_sched_time_slice_set.str1.1
                0x000000000000a826       0x9c zephyr/kernel/libkernel.a(sched.c.obj)
 .rodata.k_sched_lock.str1.1
                0x000000000000a826       0x71 zephyr/kernel/libkernel.a(sched.c.obj)
 .rodata.z_priq_dumb_remove.str1.1
                0x000000000000a826       0x43 zephyr/kernel/libkernel.a(sched.c.obj)
 .rodata.unpend_thread_no_timeout.str1.1
                0x000000000000a869       0x17 zephyr/kernel/libkernel.a(sched.c.obj)
 .rodata.update_cache.str1.1
                0x000000000000a880       0x27 zephyr/kernel/libkernel.a(sched.c.obj)
 .rodata.k_sched_unlock.str1.1
                0x000000000000a8a7       0x31 zephyr/kernel/libkernel.a(sched.c.obj)
 .rodata.z_tick_sleep.str1.1
                0x000000000000a8d8       0x40 zephyr/kernel/libkernel.a(sched.c.obj)
 .rodata.z_thread_abort.str1.1
                0x000000000000a918       0x22 zephyr/kernel/libkernel.a(sched.c.obj)
                                         0x24 (size before relaxing)
 .rodata.z_impl_k_sem_give.str1.1
                0x000000000000a93a       0x70 zephyr/kernel/libkernel.a(sem.c.obj)
 .rodata.z_impl_k_sem_take.str1.1
                0x000000000000a93a       0x6d zephyr/kernel/libkernel.a(sem.c.obj)
                                         0x9c (size before relaxing)
 .rodata.z_setup_new_thread.str1.1
                0x000000000000a9a7       0xd4 zephyr/kernel/libkernel.a(thread.c.obj)
                                         0xf1 (size before relaxing)
 .rodata.z_impl_k_thread_create.str1.1
                0x000000000000aa7b       0x25 zephyr/kernel/libkernel.a(thread.c.obj)
                                         0x37 (size before relaxing)
 .rodata.z_init_static_threads.str1.1
                0x000000000000aaa0       0x2d zephyr/kernel/libkernel.a(thread.c.obj)
                                         0x4c (size before relaxing)
 .rodata.z_add_timeout.str1.1
                0x000000000000aacd       0x44 zephyr/kernel/libkernel.a(timeout.c.obj)
                                         0xe3 (size before relaxing)
 .rodata.z_timer_expiration_handler.str1.1
                0x000000000000ab11       0x9c zephyr/kernel/libkernel.a(timer.c.obj)
 .rodata.boot_banner.str1.1
                0x000000000000ab11       0x36 zephyr/kernel/libkernel.a(banner.c.obj)
                                         0x37 (size before relaxing)
 .rodata.z_heap_aligned_alloc.str1.1
                0x000000000000ab47       0x7e zephyr/kernel/libkernel.a(mempool.c.obj)
                                         0x9b (size before relaxing)
 .rodata.statics_init.str1.1
                0x000000000000abc5       0x38 zephyr/kernel/libkernel.a(kheap.c.obj)
                                         0x74 (size before relaxing)
 .rodata.k_heap_aligned_alloc.str1.1
                0x000000000000abfd       0x45 zephyr/kernel/libkernel.a(kheap.c.obj)
                                         0xc7 (size before relaxing)
 *(SORT_BY_ALIGNMENT(.gnu.linkonce.r.*))
                0x000000000000ac44                . = ALIGN (0x4)
 *fill*         0x000000000000ac42        0x2 
                0x000000000000ac44                __rodata_region_end = .
                0x000000000000ac60                . = ALIGN (_region_min_align)
                0x0000000000010000                . = ALIGN ((0x1 << ((__rodata_region_end - __rom_region_start) <= 0x4)?0x2:((__rodata_region_end - __rom_region_start) <= 0x8)?0x3:((__rodata_region_end - __rom_region_start) <= 0x10)?0x4:((__rodata_region_end - __rom_region_start) <= 0x20)?0x5:((__rodata_region_end - __rom_region_start) <= 0x40)?0x6:((__rodata_region_end - __rom_region_start) <= 0x80)?0x7:((__rodata_region_end - __rom_region_start) <= 0x100)?0x8:((__rodata_region_end - __rom_region_start) <= 0x200)?0x9:((__rodata_region_end - __rom_region_start) <= 0x400)?0xa:((__rodata_region_end - __rom_region_start) <= 0x800)?0xb:((__rodata_region_end - __rom_region_start) <= 0x1000)?0xc:((__rodata_region_end - __rom_region_start) <= 0x2000)?0xd:((__rodata_region_end - __rom_region_start) <= 0x4000)?0xe:((__rodata_region_end - __rom_region_start) <= 0x8000)?0xf:((__rodata_region_end - __rom_region_start) <= 0x10000)?0x10:((__rodata_region_end - __rom_region_start) <= 0x20000)?0x11:((__rodata_region_end - __rom_region_start) <= 0x40000)?0x12:((__rodata_region_end - __rom_region_start) <= 0x80000)?0x13:((__rodata_region_end - __rom_region_start) <= 0x100000)?0x14:((__rodata_region_end - __rom_region_start) <= 0x200000)?0x15:((__rodata_region_end - __rom_region_start) <= 0x400000)?0x16:((__rodata_region_end - __rom_region_start) <= 0x800000)?0x17:((__rodata_region_end - __rom_region_start) <= 0x1000000)?0x18:((__rodata_region_end - __rom_region_start) <= 0x2000000)?0x19:((__rodata_region_end - __rom_region_start) <= 0x4000000)?0x1a:((__rodata_region_end - __rom_region_start) <= 0x8000000)?0x1b:((__rodata_region_end - __rom_region_start) <= 0x10000000)?0x1c:((__rodata_region_end - __rom_region_start) <= 0x20000000)?0x1d:((__rodata_region_end - __rom_region_start) <= 0x40000000)?0x1e:((__rodata_region_end - __rom_region_start) <= 0x80000000)?0x1f:0x20))
                0x0000000000010000                __rom_region_end = .
                0x0000000020000000                . = 0x20000000
                0x0000000020000000                . = ALIGN (_region_min_align)
                0x0000000020000000                _image_ram_start = .

.ramfunc        0x0000000020000000        0x0 load address 0x000000000000ac44
                0x0000000020000000                . = ALIGN (_region_min_align)
                0x0000000020000000                . = ALIGN ((0x1 << (__ramfunc_size <= 0x4)?0x2:(__ramfunc_size <= 0x8)?0x3:(__ramfunc_size <= 0x10)?0x4:(__ramfunc_size <= 0x20)?0x5:(__ramfunc_size <= 0x40)?0x6:(__ramfunc_size <= 0x80)?0x7:(__ramfunc_size <= 0x100)?0x8:(__ramfunc_size <= 0x200)?0x9:(__ramfunc_size <= 0x400)?0xa:(__ramfunc_size <= 0x800)?0xb:(__ramfunc_size <= 0x1000)?0xc:(__ramfunc_size <= 0x2000)?0xd:(__ramfunc_size <= 0x4000)?0xe:(__ramfunc_size <= 0x8000)?0xf:(__ramfunc_size <= 0x10000)?0x10:(__ramfunc_size <= 0x20000)?0x11:(__ramfunc_size <= 0x40000)?0x12:(__ramfunc_size <= 0x80000)?0x13:(__ramfunc_size <= 0x100000)?0x14:(__ramfunc_size <= 0x200000)?0x15:(__ramfunc_size <= 0x400000)?0x16:(__ramfunc_size <= 0x800000)?0x17:(__ramfunc_size <= 0x1000000)?0x18:(__ramfunc_size <= 0x2000000)?0x19:(__ramfunc_size <= 0x4000000)?0x1a:(__ramfunc_size <= 0x8000000)?0x1b:(__ramfunc_size <= 0x10000000)?0x1c:(__ramfunc_size <= 0x20000000)?0x1d:(__ramfunc_size <= 0x40000000)?0x1e:(__ramfunc_size <= 0x80000000)?0x1f:0x20))
                0x0000000020000000                __ramfunc_start = .
 *(SORT_BY_ALIGNMENT(.ramfunc))
 *(SORT_BY_ALIGNMENT(.ramfunc.*))